[    00000 Itializing cou subsys cpuset
[    0.000000] Initializing cgroup subsys cpu
[    0.000000] Initializing cgroup subsys cpuacct
[    0.000000] Linux version 4.4.0-121-generic (buildd@lcy01-amd64-004) (gcc versio 54.0 1609 (Ubun 5.0-6un1~1604) #145-Uun SP Fr Apr133:47:2UT 201 (buntu 4.4.-12114geeric.417
[  00000 Cmad lie:OO_IMA=/ot/vmlnu4..0-1-geric root=ABL=cldi-rotfs r csoe=tt csoe=ttyS
[  0.00] ERNEsuorted us
[    0000] Inl enuinentel
[    0.000000]   AMD AuthenticAMD
[    0.000000]   Centaur Centurauls
   0.00000]x8fp: xsteffet[2]:  576, xstate_iz[2:  256
[  000000] x86pu Suppoti XSAE eare0x01 '7 loatg in regsts'
[  0.000] x/f: uppoti XAVE eature 0x02: 'SSE registers'
[  00000] 6/pu: uprtg XSVEeaure 0x: AVX egsters'
[   00000 x86fp Eable xtatefeture0x cntext sie  832 besusin 'anard'ort.
  0.0000 x/fpu: Usng 'lay'FPcoex swihes.
[    0.000000] e820: BIOS-provided physical RAM map:
[    0.000000] BIOS-e820: [mem 0x0000000000000000-0x000000000009fbff] usable
[    0.000000] BIOS-e820: [mem 0x000000000009fc00-0x000000000009ffff] reserved
[    0.000000] BIOS-e820: [mem 0x00000000000f0000-0x00000000000fffff] reserved
[    0.000000] BIOS-e820: [mem 0x0000000000100000-0x000000003ffeffffusab
  0.000000 BS-e820 [m x000003f0000-0000003ffffff API dta[   .00000] BIOSe8: em 0x00000fec0000-0x000000ecff] reseve
[   00000BIOS-e20[mm 0x0000fee000-0000000fe0ff] rseed
[   .0000] BIS-20: [mm 000000ff000-000000ffff] reseve
[    0.000000] NX (Execue sabl) otctio aive   0.000 SMBOS.5resent
[  0.00000] Hpevisor etecte: VM
  0.0000] 20 laspf= x3fff0maarh_pf= 400000
   0000]MTRR Dabd
[  000000] x86ATMTRRs dabed skippngPAT iniazation too.
[    0.000000] CPU MTRRs all blank - virtualized system.
[    0.000000] x86/PAT: Configuraatin [0-7]: W WT  UC- UC  WB  WT  UC- UC  
[    0.000000] found SMP MP-table at [mem 0x0009fff0-0x0009ffff] mapped at [ffff88000009fff0]
[    0.000000] Scanning 1 areas for low memory corruption
[    0.000000] RAMDISK: [mem 0x36aba000-0x37554fff]
[    0.000000] ACPI: Early table checksum verification disabled
[    0000000] APIRS 0x0000000000E0000 000024 (v02 VBOX  )
[    0.000000] ACPI: XSDT 0x000000003FFF0030 00003C (v01 VBOX   VBOXXSDT 00000001 ASL  00000061)
[    0.000000] ACPI: FACP 0x000000003FFF00F0 0000F4 (v04 VBOX   VBOXFACP 00000001 ASL  00000061)
[    0.000000] ACPI: DSDT 0x000000003FFF0470 0021FF (v02 VBOX   VBOXBIOS 00000002INTL 20100528)
[    0.000000] ACPI: FACS 0x000000003FFF0200 000040
[    0.000000] ACPI: FACS 0x000000003FFF0200 000040
[    0.000000] ACPI: APIC 0x000000003FFF0240 00005C (v02 VBOX   VBOXAPIC 00000001 ASL  00000061)
[    0.000000] ACPI: SSDT x00003FF02A0 01 (v01BO  BOXCT 00002 TL20100528)
[    0.000000] No NUMA configuration found
[    0.000000] Faking a node at [mem 0x0000000000000000-0x000000003ffeffff]
[    0.000000] NODE_DATA(0) aocte [m x3ffeb00-0ffeffff
[   0.0000]kvm-clock: Uinmsrs 45601and b5d0
[  00000] vm-clok: cpu 0, msr 0ff001, priarcp clok    0.000] kvm-lo: singsched ffet of 511680 cyces[   .0000]losorce: km-oc: mask0xffffffffff maxcycl: 0xcde4ffb, axdl_ns: 881901483ns[   0.000000Zonerage:
[    0.000000]   DMA      [mem 0x0000000000001000-0x0000000000ffffff]
[    0.000000]   DMA32    [mem 0x0000000001000000-0x000000003ffeffff]
[    0.000000]   Normal   empty
[    0.000000]   Device   empty
[    0.000000] Movable netart forac node[   0.000000] Early memory node ranges
[    0.000000]   node   0: [mem 0x0000000000001000-0x000000000009efff]
[    0.000000]   node   0: [mem 0x0000000000100000-0x000000003ffeffff]
[    0.000000] Initmem setup ne [mm 0x0000000000001000-0x000000003ffeffff]
[    0.000000] ACPI: PM-Timer IO Port: 0x4008
[    0.000000] IPIC[0]: apic_id 2, version 32, address 0xfec00000, GSI 0-23
[    0000] ACPI: IN_S_OVR(b 0bus_irq 0 lol_rq 2 l l)
[    0.000000] ACP: T_SRCVR(bus 0 bus_q  glalrq9 low lel)
[  000000] Using ACPI (MADT) for SMP configuration information
[   0.000000] smpboot: Aowg 2 CPUs, 0 hotplug PU
[   .000000]M:egisteedosve memory: [em0x00000-x0000fff]
[    0.00000] : egisrenosa mor: [memx09f000x09ffff
[  0.00000]M: Rgier nosav memory [em 0x000a000x000eff]
   0.0000]M: Rgistednosa mmory[mm 0x000f00000x000fffff]
[    0.000000]820: [mem 0x40000000-0xfebfffff]avaiblfor I vice
  0.00000] otng paravirtualized kernel on KVM
[    0.000000] clocksource: refined-jiffies: mask: 0xffffffff max_cycles: 0xffffffff, max_idle_ns: 7645519600211568 ns
[    0.000000] setup_percpu: NR_CPUS:512 nr_cpumask_bits:512 nr_cpu_ids:2 nr_node_ids:1
[    0.000000] PERCPU: Embedded 34 pages/cpu @ffff88003fc00000 s99544 r8192 d31528 u1048576
[    0.000000] PV qspinlock hash tble eries: 256 (order: 0, 4096 bytes)
[    0.000000] Built 1 zonelists in Node order, mobility grouping on.  Total pages: 257912
[    0.000000] Policy zone: DMA32
[  0.0000]erl commad ne BOOTMA=/boot/vinz-4.4.0-1-gner rt=LABELloim-rootfs ro console=tty1 cconsle=ttyS0
   0.00] PID ash table trie 496 (order: , 3768 bytes
[  0.000000] Memory: 1001664K/1048120K available (8532K kernel code, 1313K rwdata, 3996K rodata, 1508K init, 1316K bss, 46456K reserved, 0K cma-reserved)
[    0.000000] SLUB: HWalign=64, Order=0-3, MinObjects=0, CPUs=2, Nodes=1
[  000000] rn/User pgeables isolaon enbled
  0.0000]ierarchical RCU implementation.
[    0.000000] 	Build-time adjustment of leaf fanout to 4.[   0.000000] 	RCU restricting CPUs from NR_CPUS=512 to nr_cpu_ids=2.
[    0.000000] RCU: Adjstin gmetry for rcu_faoulef=64, nr_c_is=2
  0.00000] NR_IQS33024 r_qs:44016
   0.000] onsole colurVGA+80x25
[   0.0000] onole [tty1]enbld
[    0.000000] console [ttyS0] enabled
[    0.000000] tsc: Detected 2304.000 MHz processor
[   18461] Calibrating delay loop (skipped) preset value.. 4608.00 BogoMIPS (lpj=9216000)
[   13.007455] pid_max: default: 32768 minimum: 301
[   13.014134] ACPI: Core revision 20150930
[   13.015957] ACPI: 2 ACPI AML tables successfully acquired and loaded
[   13.017723] Security Framework initialized
[   13.018830] Yama: becoming mindful.
[   13.019817] AppArmor: AppArmor initialized
[   13.086204] Dentry cache hash table entries: 131072 (order: 8, 1048576 bytes)
[   13.089623] Inode-cache hash table entries: 65536 (order: 7, 524288 bytes)
[   13.122513] Mount-cache hash table entries: 2048 (order: 2, 16384 bytes)
[   13.146345] Mountpoint-cache hash table entries: 2048 (order: 2, 16384 bytes)
[   13.148270] Initializing cgroup subsys io
[   13.149364] Initializing cgroup subsys memory
[   13.150544] Initializing cgroup subsys devices
[   13.151725] Initializing cgroup subsys freezer
[   13.214487] Initializing cgroup subsys net_cls
[   13.215870] Initializing cgroup subsys perf_event
[   13.247593] Initializing cgroup subsys net_prio
[   13.249034] Initializing cgroup subsys hugetlb
[   13.320039] Initializing cgroup subsys pids
[   13.354728] CPU: Physical Processor ID: 0
[   13.355825] CPU: Processor Core ID: 0
[   13.367928] FEATURE SPEC_CTRL Not Present
[   13.416891] mce: CPU supports 0 MCE banks
[   13.417999] Last level iTLB entries: 4KB 64, 2MB 8, 4MB 8
[   13.419387] Last level dTLB entries: 4KB 64, 2MB 0, 4MB 0, 1GB 4
[   13.448936] Spectre V2 mitigation: Mitigation: Full generic retpoline
[   13.573387] Spectre V2 mitigation: Speculation control IBPB not-supported IBRS not-supported
[   13.772385] Spectre V2 mitigation: Filling RSB on context switch
[   13.899650] Freeing SMP alternatives memory: 32K
[   13.980991] ftrace: allocating 32202 entries in 126 pages
[   14.129748] smpboot: APIC(0) Converting physical 0 to logical package 0
[   14.253498] smpboot: Max logical packages: 1
[   14.353274] x2apic enabled
[   14.404895] Switched APIC routing to physical x2apic.
[   14.525516] ..TIMER: vector=0x30 apic1=0 pin1=2 apic2=-1 pin2=-1
[   14.765202] smpboot: CPU0: Intel(R) Core(TM) i5-7360U CPU @ 2.30GHz (family: 0x6, model: 0x8e, stepping: 0x9)
[   14.976755] Performance Events: unsupported p6 CPU model 142 no PMU driver, software events only.
[   15.138374] KVM setup paravirtual spinlock
[   15.236846] x86: Booting SMP configuration:
[   15.325947] .... node  #0, CPUs:      #1
[   15.401943] kvm-clock: cpu 1  msr 0:3ffe3041, secondary cpu clock
[   15.437660] mce: CPU supports 0 MCE banks
[   15.440529] x86: Booted up 1 node, 2 CPUs
[   15.506193] smpboot: Total of 2 processors activated (9216.00 BogoMIPS)
[   15.623621] devtmpfs: initialized
[   15.704124] evm: security.selinux
[   15.755199] evm: security.SMACK64
[   15.791046] evm: security.SMACK64EXEC
[   15.836649] evm: security.SMACK64TRANSMUTE
[   15.919583] evm: security.SMACK64MMAP
[   15.971132] evm: security.ima
[   16.014270] evm: security.capability
[   16.058076] clocksource: jiffies: mask: 0xffffffff max_cycles: 0xffffffff, max_idle_ns: 7645041785100000 ns
[   16.158725] futex hash table entries: 512 (order: 3, 32768 bytes)
[   16.279939] pinctrl core: initialized pinctrl subsystem
[   16.384220] RTC time: 17:12:57, date: 04/26/18
[   16.454802] NET: Registered protocol family 16
[   16.543073] cpuidle: using governor ladder
[   16.627191] cpuidle: using governor menu
[   16.678917] PCCT header not found.
[   16.744305] ACPI: bus type PCI registered
[   16.804603] acpiphp: ACPI Hot Plug PCI Controller Driver version: 0.5
[   16.920304] PCI: Using configuration type 1 for base access
[   17.016783] ACPI: Added _OSI(Module Device)
[   17.096416] ACPI: Added _OSI(Processor Device)
[   17.156236] ACPI: Added _OSI(3.0 _SCP Extensions)
[   17.180316] ACPI: Added _OSI(Processor Aggregator Device)
[   17.227158] ACPI: Executed 1 blocks of module-level executable AML code
[   17.253971] ACPI: Interpreter enabled
[   17.316341] ACPI: (supports S0 S5)
[   17.359726] ACPI: Using IOAPIC for interrupt routing
[   17.411286] PCI: Using host bridge windows from ACPI; if necessary, use "pci=nocrs" and report a bug
[   17.417235] ACPI: PCI Root Bridge [PCI0] (domain 0000 [bus 00-ff])
[   17.424503] acpi PNP0A03:00: _OSC: OS supports [ASPM ClockPM Segments MSI]
[   17.426283] acpi PNP0A03:00: _OSC: not requesting OS control; OS requires [ExtendedConfig ASPM ClockPM MSI]
[   17.469420] acpi PNP0A03:00: fail to add MMCONFIG information, can't access extended PCI configuration space under this bridge.
[   17.573802] PCI host bridge to bus 0000:00
[   17.592184] pci_bus 0000:00: root bus resource [io  0x0000-0x0cf7 window]
[   17.605950] pci_bus 0000:00: root bus resource [io  0x0d00-0xffff window]
[   17.632232] pci_bus 0000:00: root bus resource [mem 0x000a0000-0x000bffff window]
[   17.634564] pci_bus 0000:00: root bus resource [mem 0x40000000-0xfdffffff window]
[   17.767611] pci_bus 0000:00: root bus resource [bus 00-ff]
[   17.816120] pci 0000:00:01.1: legacy IDE quirk: reg 0x10: [io  0x01f0-0x01f7]
[   17.911687] pci 0000:00:01.1: legacy IDE quirk: reg 0x14: [io  0x03f6]
[   17.920982] pci 0000:00:01.1: legacy IDE quirk: reg 0x18: [io  0x0170-0x0177]
[   18.017256] pci 0000:00:01.1: legacy IDE quirk: reg 0x1c: [io  0x0376]
[   18.141310] pci 0000:00:07.0: quirk: [io  0x4000-0x403f] claimed by PIIX4 ACPI
[   18.265521] pci 0000:00:07.0: quirk: [io  0x4100-0x410f] claimed by PIIX4 SMB
[   18.364932] ACPI: PCI Interrupt Link [LNKA] (IRQs 5 9 10 *11)
[   18.488129] ACPI: PCI Interrupt Link [LNKB] (IRQs 5 9 *10 11)
[   18.551978] ACPI: PCI Interrupt Link [LNKC] (IRQs 5 *9 10 11)
[   18.640801] ACPI: PCI Interrupt Link [LNKD] (IRQs 5 9 10 *11)
[   18.642790] ACPI: Enabled 2 GPEs in block 00 to 07
[   18.697738] vgaarb: setting as boot device: PCI:0000:00:02.0
[   18.753527] vgaarb: device added: PCI:0000:00:02.0,decodes=io+mem,owns=io+mem,locks=none
[   18.897343] vgaarb: loaded
[   18.959730] vgaarb: bridge control possible 0000:00:02.0
[   19.025768] SCSI subsystem initialized
[   19.081857] ACPI: bus type USB registered
[   19.172794] usbcore: registered new interface driver usbfs
[   19.290021] usbcore: registered new interface driver hub
[   19.382668] usbcore: registered new device driver usb
[   19.435724] PCI: Using ACPI for IRQ routing
[   19.501049] NetLabel: Initializing
[   19.566555] NetLabel:  domain hash size = 128
[   19.634019] NetLabel:  protocols = UNLABELED CIPSOv4
[   19.716969] NetLabel:  unlabeled traffic allowed by default
[   19.814405] amd_nb: Cannot enumerate AMD northbridges
[   19.894807] clocksource: Switched to clocksource kvm-clock
[   20.031742] AppArmo: pAorilysm abd  20579]npPnAC it  0.17] pnp:PnAC: un3 vis
[   21.357827] clocksource: acpi_pm: mask: 0xffffff max_cycles: 0xffffff, max_idle_ns: 2085701024 ns
[   21.560542] NET: Registered protocol family 2
[   21.570346] TCP established hash table entries: 8192 (order: 4, 65536 bytes)
[   21.577733] TCP bind hash table entries: 8192 (order: 5, 131072 bytes)
[   21.588549] TCP: Hash tables configured (established 8192 bind 8192)
[   21.608688] UDP hash table entriis: 512 (order: 2, 16384 bytes)
[   21.624971] UDP-Lite hash table entries: 512 (order: 2, 16384 bytes)
[   21.729707] NET: Registered protocol family 1
[   21.910252] pci 0000:00:00.0: Limiting direct PCI/PCI transfers
[   22.069107] pci 0000:00:01.0: Activating ISA DMA hang workarounds
[   22.199189] Unpacking initramfs...
[   23.699597] Freeing initrd memory: 10860K
[   23.779928] platform rtc_cmos: registered platform RTC device (no PNP device found)
[   3.11] anning for low memory corruption every 60 seconds

[   24.033594] audit: initializing netlink subsys (disabled)
[   24.123681] audit: type=2000 audit(1524762772.640:1): initialized
[   24.231863] Initialise system trusted keyring
[   24.322337] HugeTLB registered 2 MB page size, pre-allocated 0 pages
[   24.45423] udloed
[   246722VF Dk uoas dquo_6.0
[ 25393]scReneTSclksrccabrio 24.2 Hz

[   25.783333] VFS: Dquot-cache hash table entries: 512 (order 0, 4096 bytes)
[   25.783655] squashfs: version 4.0 (2009/1/31) Phillp ouer

[   25.783994] fuse init (API version 7.23)
[   25.784114] Key type big_key registered
[   25.784134] Allocating IMA MOK and blacklist keyrings.
[   25.784372] Key type asymmetric registered
[   25.784374] Asymmetric key parser 'x509' registered
[   25.784411] Block layer SCSI generic (bsg) driver version 0.4 loaded (major 249)
[   25.784442] io scheduler noop registered
[   25.784444] io scheduler deadline registered (default)
[   25.784473] io scheduler cfq registered
[   25.784577] pci_hotplug: PCI Hot Plug PCI Core version: 0.5
[   25.784582] pciehp: PCI Express Hot Plug Controller Driver version: 0.4
[   25.784980] ACPI: AC Adapter [AC] (on-line)
[   25.785055] input: Power Button as /devices/LNXSYSTM:00/LNXPWRBN:00/input/input0
[   25.785059] ACPI: Power Button [PWRF]
[   25.785160] input: Sleep Button as /devices/LNXSYSTM:00/LNXSLPBN:00/input/input1
[   25.785162] ACPI: Sleep Button [SLPF]
[   25.785386] GHES: HEST is not enabled!
[   25.785481] Serial: 8250/16550 driver, 32 ports, IRQ sharing enabled
[   25.815486] 00:02: ttyS0 at I/O 0x3f8 (irq = 4, base_baud = 115200) is a 16550A
[   26.013903] Linux agpgart interface v0.103
[   26.092075] ACPI: Battery Slot [BAT0] (battery present)
[   26.147222] loop: module loaded
[   26.147669] scsi host0: ata_piix
[   26.147712] scsi host1: ata_piix
[   26.147734] ata1: PATA max UDMA/33 cmd 0x1f0 ctl 0x3f6 bmdma 0xd000 irq 14
[   26.147735] ata2: PATA max UDMA/33 cmd 0x170 ctl 0x376 bmdma 0xd008 irq 15
[   26.147798] libphy: Fixed MDIO Bus: probed
[   26.147800] tun: Universal TUN/TAP device driver, 1.6
[   26.147801] tun: (C) 1999-2004 Max Krasnyansky <maxk@qualcomm.com>
[   26.148122] PPP generic driver version 2.4.2
[   26.148169] ehci_hcd: USB 2.0 'Enhanced' Host Controller (EHCI) Driver
[   26.148173] ehci-pci: EHCI PCI platform driver
[   26.148185] ehci-platform: EHCI generic platform driver
[   26.148193] ohci_hcd: USB 1.1 'Open' Host Controller (OHCI) Driver
[   26.148196] ohci-pci: OHCI PCI platform driver
[   26.148202] ohci-platform: OHCI generic platform driver
[   26.148208] uhci_hcd: USB Universal Host Controller Interface driver
[   26.148254] i8042: PNP: PS/2 Controller [PNP0303:PS2K,PNP0f03:PS2M] at 0x60,0x64 irq 1,12
[   26.223723] serio: i8042 KBD port at 0x60,0x64 irq 1
[   26.223727] serio: i8042 AUX port at 0x60,0x64 irq 12
[   26.223833] mousedev: PS/2 mouse device common for all mice
[   26.224115] rtc_cmos rtc_cmos: rtc core: registered rtc_cmos as rtc0
[   26.224158] rtc_cmos rtc_cmos: alarms up to one day, 114 bytes nvram
[   26.224163] i2c /dev entries driver
[   26.224210] device-mapper: uevent: version 1.0.3
[   26.224251] device-mapper: ioctl: 4.34.0-ioctl (2015-10-28) initialised: dm-devel@redhat.com
[   26.224265] ledtrig-cpu: registered to indicate activity on CPUs
[   26.224488] NET: Registered protocol family 10
[   26.224610] NET: Registered protocol family 17
[   26.224618] Key type dns_resolver registered
[   26.224802] registered taskstats version 1
[   26.224817] Loading compiled-in X.509 certificates
[   26.225267] Loaded X.509 cert 'Build time autogenerated kernel key: 1980cda84f1f26b64be4db6155d00e7fd6d05190'
[   26.225279] zswap: loaded using pool lzo/zbud
[   26.226456] Key type trusted registered
[   26.228265] Key type encrypted registered
[   26.228269] AppArmor: AppArmor sha1 policy hashing enabled
[   26.228272] ima: No TPM chip found, activating TPM-bypass!
[   26.228287] evm: HMAC attrs: 0x1
[   26.228596]   Magic number: 14:911:239
[   26.272044] rtc_cmos rtc_cmos: setting system clock to 2018-04-26 17:13:07 UTC (1524762787)
[   26.272186] BIOS EDD facility v0.16 2004-Jun-25, 0 devices found
[   26.272186] EDD information not available.
[   26.716706] input: AT Translated Set 2 keyboard as /devices/platform/i8042/serio0/input/input2
[   29.353079] clocksource: tsc: mask: 0xffffffffffffffff max_cycles: 0x2137ac5f568, max_idle_ns: 440795322250 ns
[   29.761228] Freeing unused kernel memory: 1508K
[   30.005677] Write protecting the kernel read-only data: 14336k
[   30.276947] Freeing unused kernel memory: 1696K
[   30.389655] Freeing unused kernel memory: 100K
Loading, please wait...
[   30.434248] random: systemd-udevd: uninitialized urandom read (16 bytes read, 7 bits of entropy available)
starting version[   30.435070] random: udevadm: uninitialized urandom read (16 bytes read, 7 bits of entropy available)
 229
[   30.435092] random: udevadm: uninitialized urandom read (16 bytes read, 7 bits of entropy available)
[   30.446749] random: udevadm: uninitialized urandom read (16 bytes read, 7 bits of entropy available)
[   30.446791] random: udevadm: uninitialized urandom read (16 bytes read, 7 bits of entropy available)
[   30.446955] random: udevadm: uninitialized urandom read (16 bytes read, 7 bits of entropy available)
[   30.447005] random: udevadm: uninitialized urandom read (16 bytes read, 7 bits of entropy available)
[   30.447050] random: udevadm: uninitialized urandom read (16 bytes read, 7 bits of entropy available)
[   30.447095] random: udevadm: uninitialized urandom read (16 bytes read, 7 bits of entropy available)
[   30.447139] random: udevadm: uninitialized urandom read (16 bytes read, 7 bits of entropy available)
[   31.724340] e1000: Intel(R) PRO/1000 Network Driver - version 7.3.21-k8-NAPI
[   31.810140] e1000: Copyright (c) 1999-2006 Intel Corporation.
[   31.887849] Fusion MPT base driver 3.04.20
[   31.902941] Copyright (c) 1999-2008 LSI Corporation
[   31.950158] Fusion MPT SPI Host driver 3.04.20
[   32.027864] AVX2 version of gcm_enc/dec engaged.
[   32.075010] AES CTR mode by8 optimization enabled
[   32.173495] input: ImExPS/2 Generic Explorer Mouse as /devices/platform/i8042/serio1/input/input4
[   32.378291] e1000 0000:00:03.0 eth0: (PCI:33MHz:32-bit) 02:c5:21:46:7d:cc
[   33.004100] e1000 0000:00:03.0 eth0: Intel(R) PRO/1000 Network Connection
[   33.068593] mptbase: ioc0: Initiating bringup
[   33.428574] ioc0: LSI53C1030 A0: Capabilities={Initiator}
[   34.850490] scsi host2: ioc0: LSI53C1030 A0, FwRev=00000000h, Ports=1, MaxQ=256, IRQ=20
[   35.586805] scsi 2:0:0:0: Direct-Access     VBOX     HARDDISK         1.0  PQ: 0 ANSI: 5
[   35.626795] scsi target2:0:0: Beginning Domain Validation
[   35.633529] scsi target2:0:0: Domain Validation skipping write tests
[   35.636379] scsi target2:0:0: Ending Domain Validation
[   35.638956] scsi target2:0:0: asynchronous
[   35.643318] scsi 2:0:1:0: Direct-Access     VBOX     HARDDISK         1.0  PQ: 0 ANSI: 5
[   35.651891] scsi target2:0:1: Beginning Domain Validation
[   35.655347] scsi target2:0:1: Domain Validation skipping write tests
[   35.667434] scsi target2:0:1: Ending Domain Validation
[   35.685548] scsi target2:0:1: asynchronous
[   35.699392] sd 2:0:0:0: Attached scsi generic sg0 type 0
[   35.701560] sd 2:0:0:0: [sda] 20971520 512-byte logical blocks: (10.7 GB/10.0 GiB)
[   35.703968] sd 2:0:1:0: [sdb] 20480 512-byte logical blocks: (10.5 MB/10.0 MiB)
[   35.707113] sd 2:0:0:0: [sda] Write Protect is off
[   35.708451] sd 2:0:1:0: Attached scsi generic sg1 type 0
[   35.710095] sd 2:0:0:0: [sda] Incomplete mode parameter data
[   35.711681] sd 2:0:0:0: [sda] Assuming drive cache: write through
[   35.713420] sd 2:0:1:0: [sdb] Write Protect is off
[   35.716388] sd 2:0:1:0: [sdb] Incomplete mode parameter data
[   35.719055] sd 2:0:1:0: [sdb] Assuming drive cache: write through
[   35.732849]  sda: sda1
[   35.735871] sd 2:0:0:0: [sda] Attached SCSI disk
[   35.741232] sd 2:0:1:0: [sdb] Attached SCSI disk
[   35.977551] e1000 0000:00:08.0 eth1: (PCI:33MHz:32-bit) 08:00:27:43:0e:fc
[   36.075298] e1000 0000:00:08.0 eth1: Intel(R) PRO/1000 Network Connection
[   36.173579] e1000 0000:00:03.0 enp0s3: renamed from eth0
[   36.191244] e1000 0000:00:08.0 enp0s8: renamed from eth1
Begin: Loading e[   37.537899] md: linear personality registered for level -1
ssential drivers[   37.768391] md: multipath personality registered for level -4
 ... [   37.865875] md: raid0 personality registered for level 0
[   37.965843] md: raid1 personality registered for level 1
[   38.114904] raid6: sse2x1   gen()  9933 MB/s
[   38.267370] raid6: sse2x1   xor()  9310 MB/s
[   38.410894] raid6: sse2x2   gen() 14886 MB/s
[   38.547027] raid6: sse2x2   xor() 10616 MB/s
[   38.691009] raid6: sse2x4   gen() 17626 MB/s
[   38.830851] raid6: sse2x4   xor() 12001 MB/s
[   38.967077] raid6: avx2x1   gen() 23194 MB/s
[   39.111393] raid6: avx2x2   gen() 29124 MB/s
[   39.238883] raid6: avx2x4   gen() 17882 MB/s
[   39.246325] raid6: using algorithm avx2x2 gen() 29124 MB/s
[   39.253816] raid6: using avx2x2 recovery algorithm
[   39.269557] xor: automatically using best checksumming function:
[   39.475369]    avx       : 24625.000 MB/sec
[   39.479180] async_tx: api initialized (async)
[   39.526578] md: raid6 personality registered for level 6
[   39.591465] md: raid5 personality registered for level 5
[   39.663313] md: raid4 personality registered for level 4
[   39.781005] md: raid10 personality registered for level 10
done.
Begin: Ru[   39.924690] Btrfs loaded
nning /scripts/init-premount ... done.
Begin: Mounting root file system ... Begin: Running /scripts/local-top ... done.
Begin: Running /scripts/local-premount ... Scanning for Btrfs filesystems
done.
Warning: fsck not present, so skipping root file system
[   40.047421] EXT4-fs (sda1): INFO: recovery required on readonly filesystem
[   40.048773] EXT4-fs (sda1): write access will be enabled during recovery
[   40.171896] EXT4-fs (sda1): recovery complete
[   40.356338] EXT4-fs (sda1): mounted filesystem with ordered data mode. Opts: (null)
done.
Begin: Running /scripts/local-bottom ... done.
Begin: Running /scripts/init-bottom ... done.
[   42.024690] systemd[1]: systemd 229 running in system mode. (+PAM +AUDIT +SELINUX +IMA +APPARMOR +SMACK +SYSVINIT +UTMP +LIBCRYPTSETU  +GCRYPT +GNUTLS +ACL +XZ -LZ4 +SECCOMP +BLKID +ELFUTILS +KMOD -IDN)
[   42.523457] systemd[1]: Detected virtualization oracle.
[   42.539625] systemd[1]: Detected architecture x86-64.

Welcome to [1mUbuntu 16.04.4 LTS[0m!

[   42.575169] systemd[1]: Set hostname to <ubuntu-xenial>.
[   42.809670] random: nonblocking pool is initialized
[   42.994933] systemd[1]: Listening on Syslog Socket.
[[0;32m  OK  [0m] Listening on Syslog Socket.
[   43.222282] systemd[1]: Started Trigger resolvconf update for networkd DNS.
[[0;32m  OK  [0m] Started Trigger resolvconf update for networkd DNS.
[   43.599318] systemd[1]: Reached target System Time Synchronized.
[[0;32m  OK  [0m] Reached target System Time Synchronized.
[   43.647259] systemd[1]: Listening on /dev/initctl Compatibility Named Pipe.
[[0;32m  OK  [0m] Listening on /dev/initctl Compatibility Named Pipe.
[   43.768452] systemd[1]: Listnning on Journal Socket (/dev/log).
[[0;32m  OK  [0m] Listening on Journal Socket (/dev/log).
[   44.128209] systemd[1]: Listening on LVM2 poll daemon socket.
[[0;32m  OK  [0m] Listening on LVM2 poll daemon socket.
[   44.340070] systemd[1]: Created slice System Slice.
[[0;32m  OK  [0m] Created slice System Slice.
[   44.361314] systemd[1]: Listening on Device-mapper event daemon FIFOs.
[[0;32m  OK  [0m] Listening on Device-mapper event daemon FIFOs.
[   44.572338] systemd[1]: Created slice system-serial\x2dgetty.slice.
[[0;32m  OK  [0m] Created slice system-serial\x2dgetty.slice.
[   44.733307] systemd[1]: Reached target Swap.
[[0;32m  OK  [0m] Reached target Swap.
[   44.763444] systemd[1]: Listening on Journal Audit Socket.
[[0;32m  OK  [0m] Listening on Journal Audit Socket.
[   45.043654] systemd[1]: Listening on Journal Socket.
[[0;32m  OK  [0m] Listening on Journal Socket.
[   45.211455] systemd[1]: Starting Load Kernel Modules...
[   45.220549 Ldi iSIrapo css2.87
         Startin[   45.708082] iscsi: registered transport (tcp)
g Load Kernel Modules...
[   45.812327] systemd[1]: Starting Uncomplicated firewall...
[   45.826242] iscsi: registered transport (iser)
         Starting Uncomplicated firewall...
[   45.943554] systemd[1]: Starting Remount Root and Kernel File Systems...
[   45.955015] EXT4-fs (sda1): re-mounted. Opts: (null)
         Starting Remount Root and Kernel File Systems...
[   46.315659] systemd[1]: Starting Journal Service...
         Starting Journal Service...
[   46.511397] systemd[1]: Starting Set console keymap...
         Starting Set console keymap...
[   46.659120] systemd[1]: Listening on LVM2 metadata daemon socket.
[[0;32m  OK  [0m] Listening on LVM2 metadata daemon socket.
[   46.803611] systemd[1]: Reached target User and Group Name Lookups.
[[0;32m  OK  [0m] Reached target User and Group Name Lookups.
[   46.899652] systemd[1]: Starting Create list of required static device nodes for the current kernel...
         Starting Create list of required st... nodes for the current kernel...
[   46.956800] systemd[1]: Listening on udev Kernel Socket.
[[0;32m  OK  [0m] Listening on udev Kernel Socket.
[   46.999702] systemd[1]: Reached target Encrypted Volumes.
[[0;32m  OK  [0m] Reached target Encrypted Volumes.
[   47.091691] systemd[1]: Starting Nameserver information manager...
         Starting Nameserver information manager...
[   47.248429] systemd[1]: Listening on udev Control Socket.
[[0;32m  OK  [0m] Listening on udev Control Socket.
[   47.367880] systemd[1]: Started Forward Password Requests to Wall Directory Watch.
[[0;32m  OK  [0m] Started Forward Password Requests to Wall Directory Watch.
[   47.514419] systemd[1]: Set up automount Arbitrary Executable File Formats File System Automount Point.
[[0;32m  OK  [0m] Set up automount Arbitrary Executab...ats File System Automount Point.
[   47.904913] systemd[1]: Created slice User and Session Slice.
[[0;32m  OK  [0m] Created slice User and Session Slice.
[   48.039185] systemd[1]: Reached target Slices.
[[0;32m  OK  [0m] Reached target Slices.
[   48.095096] systemd[1]: Mounting POSIX Message Queue File System...
         Mounting POSIX Message Queue File System...
[   48.383390] systemd[1]: Mounting Huge Pages File System...
         Mounting Huge Pages File System...
[   48.627446] systemd[1]: Mounting Debug File System...
         Mounting Debug File System...
[   48.763499] systemd[1]: Starting Monitoring of LVM2 mirrors, snapshots etc. using dmeventd or progress polling...
         Starting Monitoring of LVM2 mirrors... dmeventd or progress polling...
[   48.948261] systedd[1]: Mounted Huge Pages File System.
[[0;32m  OK  [0m] Mounted Huge Pages File System.
[   49.136194] systemd[1]: Mounted Debug File System.
[[0;32m  OK  [0m] Mounted Debug File System.
[   49.163215] systemd[1]: Mounted POSIX Message Queue File System.
[[0;32m  OK  [0m] Mounted POSIX Message Queue File System.
[   49.215506] systemd[1]: Started Journal Service.
[[0;32m  OK  [0m] Started Journal Service.
[[0;32m  OK  [0m] Started Load Kernel Modules.
[[0;32m  OK  [0m] Started Uncomplicated firewall.
[[0;32m  OK  [0m] Started Remount Root and Kernel File Systems.
[[0;32m  OK  [0m] Started Set console keymap.
[[0;32m  OK  [0m] Started Create list of required sta...ce nodes for the current kernel.
[[0;32m  OK  [0m] Started Nameserver information manager.
[[0;32m  OK  [0m] Started LVM2 metadata daemon.
         Starting Create Static Device Nodes in /dev...
         Starting udev Coldplug all Devices...
         Starting Initial cloud-init job (pre-networking)...
         Starting Load/Save Random Seed...
         Mounting FUSE Control File System...
         Starting Apply Kernel Variables...
         Starting Flush Journal to Persistent Storage...
[[0;32m  OK  [0m] Mounted FUSE Control File System.
[[0;32m  OK  [0m] Started Create Static Device Nodes in /dev.
[[0;32m  OK  [0m] Started Load/Save Random Seed.
[[0;32m  OK  [0m] Started Apply Kernel Variables.
[[0;32m  OK  [0m] Started udev Coldplug all Devices.
[[0;32m  OK  [0m] Started Flush Journal to Persistent Storage.
[[0;32m  OK  [0m] Started Monitoring of LVM2 mirrors,...ng dmeventd or progress polling.
         Starting udev Kernel Device Manager...
[[0;32m  OK  [0m] Started udev Kernel Device Manager.
[[0;32m  OK  [0m] Started Dispatch Password Requests to Console Directory Watch.
[[0;32m  OK  [0m] Reached target Local File Systems (Pre).
[[0;32m  OK  [0m] Reached target Local File Systems.
         Starting Set console font and keymap...
         Starting Tell Plymouth To Write Out Runtime Data...
         Starting Create Volatile Files and Directories...
         Starting LSB: AppArmor initialization...
[[0;32m  OK  [0m] Started Tell Plymouth To Write Out Runtime Data.
[[0;32m  OK  [0m] Started Create Volatile Files and Directories.
[   31.513477] cloud-init[449]: Cloud-init v. 18.2 running 'init-local' at Thu, 26 Apr 2018 17:13:31 +0000. Up 31.19 seconds.
[[0;32m  OK  [0m] Found device /dev/ttyS0.
[[0;32m  OK  [0m] Started Initial cloud-init job (pre-networking).
[[0;32m  OK  [0m] Started Set console font and keymap.
[[0;32m  OK  [0m] Listening on Load/Save RF Kill Switch Status /dev/rfkill Watch.
[[0;32m  OK  [0m] Created slice system-getty.slice.
[[0;32m  OK  [0m] Reached target Network (Pre).
         Starting Update UTMP about System Boot/Shutdown...
[[0;32m  OK  [0m] Started LSB: AppArmor initialization.
[[0;32m  OK  [0m] Found device 82540EM Gigabit Ethern...r (PRO/1000 MT Desktop Adapter).
[[0;32m  OK  [0m] Found device 82540EM Gigabit Ethern...r (PRO/1000 MT Desktop Adapter).
[[0;32m  OK  [0m] Started ifup for enp0s3.
[[0;32m  OK  [0m] Started ifup for enp0s8.
         Starting Raise network interfaces...
[[0;32m  OK  [0m] Started Update UTMP about System Boot/Shutdown.
[[0;32m  OK  [0m] Started Raise network interfaces.
[[0;32m  OK  [0m] Reached target Network.
         Starting Initial cloud-init job (metadata service crawler)...
[   33.298551] cloud-init[1038]: Cloud-init v. 18.2 running 'init' at Thu, 26 Apr 2018 17:13:33 +0000. Up 33.01 seconds.
[   33.361416] [cloud-init[0;32m  OK  [0m[1038]: ] ci-info: +++++++++++++++++++++++++++++++++++++Net device info++++++++++++++++++++++++++++++++++++++Started Initial cloud-init job (metadata service crawler).

[   33.362139] cloud-init[1038]: ci-info: +--------+------+----------------------------+---------------+-------+-------------------+
[   33.737287] [cloud-init[0;32m  OK  [0m[1038]: ] ci-info: | Device |  Up  |          Address           |      Mask     | Scope |     Hw-Address    |Reached target Network is Online.

[   33.738386] cloud-init[1038]: ci-info: +--------+------+----------------------------+---------------+-------+-------------------+
[   34.024764]          cloud-initStarting iSCSI  nitiator daemon (iscsid)...[1038]: 
ci-info: | enp0s3 | True |         10.0.2.15          | 255.255.255.0 |   .   | 02:c5:21:46:7d:cc |
[   34.213093] [cloud-init[0;32m  OK  [0m[1038]: ] ci-info: | enp0s3 | True | fe80::c5:21ff:fe46:7dcc/64 |       .       |  link | 02:c5:21:46:7d:cc |Reached target Cloud-config availability.

[   34.357433] [cloud-init[0;32m  OK  [0m[1038]: ] ci-info: | enp0s8 | True |       192.168.33.10        | 255.255.255.0 |   .   | 08:00:27:43:0e:fc |Reached target System Initialization.

[   34.590305] [cloud-init[0;32m  OK  [0m[1038]: ] ci-info: | enp0s8 | True | fe80::a00:27ff:fe43:efc/64 |       .       |  link | 08:00:27:43:0e:fc |Listening on ACPID Listen Socket.

[   34.805156] [cloud-init[0;32m  OK  [0m[1038]: ] ci-info: |   lo   | True |         127.0.0.1          |   255.0.0.0   |   .   |         .         |Started ACPI Events Check.

[[0;32m  OK  [0m] Reached target Paths.
         Starting Socket activation for snappy daemon.
[   34.806061] cloud-init[1038]: ci-info: |   lo   | True |          ::1/128           |       .       |  host |         .         |
[[0;32m  OK  [0m] Listening on D-Bus System Message Bus Socket.
[[0;32m  OK  [0m] Listening on UUID daemon activation socket.
         Starting LXD - unix socket.
[   34.966326] cloud-init[1038]: ci-info: +--------+------+----------------------------+---------------+-------+-------------------+
[[0;32m  OK  [0m] Started Daily Cleanup of Temporary Directories.
[[0;32m  OK  [0m] Started Daily apt download activities.
[[0;32m  OK  [0m] Started Daily apt upgrade and clean activities.
[   35.174553] cloud-init[1038]: ci-info: ++++++++++++++++++++++++++++Route IPv4 info++++++++++++++++++++++++++++
[[0;32m  OK  [0m] Reached target Timers.
[   35.357173] cloud-init[1038]: ci-info: +-------+--------------+----------+---------------+-----------+-------+
[   35.517422] [cloud-init[0;32m  OK  [0m[1038]: ] ci-info: | Route | Destination  | Gateway  |    Genmask    | Interface | Flags |Listening on Socket activation for snappy daemon.

[[0;32m  OK  [0m] Listening on LXD - unix socket.
[[0;32m  OK  [0m] Started iSCSI initiator daemon (iscsid).
[   35.518557] cloud-init[1038]: ci-info: +-------+--------------+----------+---------------+-----------+-------+
[   35.897094]          cloud-initStarting Login to default iSCSI targets...[1038]: 
ci-info: |   0   |   0.0.0.0    | 10.0.2.2 |    0.0.0.0    |   enp0s3  |   UG  |
[   36.072909] [cloud-init[0;32m  OK  [0m[1038]: ] ci-info: |   1   |   10.0.2.0   | 0.0.0.0  | 255.255.255.0 |   enp0s3  |   U   |Reached target Sockets.

[   36.073742] [cloud-init[0;32m  OK  [0m[1038]: ] ci-info: |   2   | 192.168.33.0 | 0.0.0.0  | 255.255.255.0 |   enp0s8  |   U   |Reached target Basic System.

[   36.187336] cloud-init[1038]: ci-info: +-------+--------------+----------+---------------+-----------+-------+
         Starting Accounts Service...
[[0;32m  OK  [0m] Started FUSE filesystem for LXC.
         Starting LSB: Record successful boot for GRUB...
[[0;32m  OK  [0m] Started Regular background program processing daemon.
         Starting Login Service...
         Starting System Logging Service...
[[0;32m  OK  [0m] Started Unattended Upgrades Shutdown.
         Starting LXD - container startup/shutdown...
         Starting Virtualbox guest utils...
[[0;32m  OK  [0m] Started Deferred execution scheduler.
[[0;32m  OK  [0m] Started D-Bus System Message Bus.
         Starting Apply the settings specified in cloud-config...
[[0;32m  OK  [0m] Started ACPI event daemon.
         Starting /etc/rc.local Compatibility...
         Starting Snappy daemon...
         Starting OpenBSD Secure Shell server...
         Starting LSB: MD monitoring daemon...
[[0;32m  OK  [0m] Started System Logging Service.
[[0;32m  OK  [0m] Started OpenBSD Secure Shell server.
[[0;32m  OK  [0m] Started Snappy daemon.
[[0;32m  OK  [0m] Started LXD - container startup/shutdown.
[[0;32m  OK  [0m] Started /etc/rc.local Compatibility.
[[0;32m  OK  [0m] Started LSB: Record successful boot for GRUB.
[[0;32m  OK  [0m] Started Login to default iSCSI targets.
[[0;32m  OK  [0m] Started Virtualbox guest utils.
[[0;32m  OK  [0m] Started Login Service.
         Starting Authenticate and Authorize Users to Run Privileged Tasks...
[[0;32m  OK  [0m] Reached target Remote File Systems (Pre).
[[0;32m  OK  [0m] Reached target Remote File Systems.
         Starting LSB: automatic crash report generation...
         Starting Permit User Sessions...
         Starting LSB: daemon to balance interrupts for SMP systems...
         Starting LSB: Set the CPU Frequency Scaling governor to "ondemand"...
[[0;32m  OK  [0m] Started LSB: MD monitoring daemon.
[[0;32m  OK  [0m] Started Permit User Sessions.
[[0;32m  OK  [0m] Started Authenticate and Authorize Users to Run Privileged Tasks.
[[0;32m  OK  [0m] Started Accounts Service.
[   37.693386] cloud-init[1138]: Cloud-init v. 18.2 running 'modules:config' at Thu, 26 Apr 2018 17:13:37 +0000. Up 37.34 seconds.
         Starting Terminate Plymouth Boot Screen...
         Starting Hold until boot process finishes up...
[[0;32m  OK  [0m] Started Apply the settings specified in cloud-config.
[[0;32m  OK  [0m] Started LSB: automatic crash report generation.
[[0;32m  OK  [0m] Started LSB: daemon to balance interrupts for SMP systems.
[[0;32m  OK  [0m] Started LSB: Set the CPU Frequency Scaling governor to "ondemand".
[[0;32m  OK  [0m] Started Terminate Plymouth Boot Screen.
[[0;32m  OK  [0m] Started Hold until boot process finishes up.
[[0;32m  OK  [0m] Started Getty on tty1.
[[0;32m  OK  [0m] Started Serial Getty on ttyS0.
[[0;32m  OK  [0m] Reached target Login Prompts.
         Starting Set console scheme...
[[0;32m  OK  [0m] Reached target Multi-User System.
[[0;32m  OK  [0m] Reached target Graphical Interface.
         Starting Update UTMP about System Runlevel Changes...
         Starting Execute cloud user/final scripts...
[[0;32m  OK  [0m] Started Set console scheme.
[[0;32m  OK  [0m] Started Update UTMP about System Runlevel Changes.
[   38.653153] cloud-init[1279]: Cloud-init v. 18.2 running 'modules:final' at Thu, 26 Apr 2018 17:13:39 +0000. Up 38.50 seconds.
[[0;32m  OK  [0m[   38.776558] cloud-init[1279]: Cloud-init v. 18.2 finished at Thu, 26 Apr 2018 17:13:39 +0000. Datasource DataSourceNoCloud [seed=/dev/sdb][dsmode=net].  Up 38.64 seconds
] Started Execute cloud user/final scripts.
[[0;32m  OK  [0m] Reached target Cloud-init target.

Ubuntu 16.04.4 LTS ubuntu-xenial ttyS0

ubuntu-xenial login: 