[   0.000]nitilizi cgrupubs cpus
[    0.000000] Initializing cgroup subsys cpu
[    0.000000] Initializing cgroup subsys cpuacct
[    0.000000] Linux version 4.4.0-119-generic (buildd@lcy01-amd64-013) (gcc version 5.4.0 20160609 (Ubuntu 5.4.0-6ubuntu1~16.04.9) ) #143Ubun S Mon Ar 1608:2 U 218 (Uunu .4.01943-gneric 4.4.114
   0.000] ommandli: OOT_MA=/ot/vin-4.4-1-gneri rt=ABELloim-roofs ro conso=ty1 cnsletyS0
[  .0000]ERNE spoed cus
[   00000  Inel GenuineIntel
[    0.000]   D thentiMD
[   0.0000]  CenturenaurHul
[    0.000000] x86/fpu: xstate_offset[]:  57, tae_size[2  56
[   0.0000x8fpu:uprtng XAVfeturex0 'x8 fatng inregistrs
[   00000 x86/fpuSupoting AV feare 0x02: 'SSE registers
    .000] x8/f: Supporting XSAVE feature 0x04: 'AVX registers'
[   0.000000] x86/fpu: Enabled xstate feeates 0x7, context size is 832 bytes, using 'standard' format.
[    0.000000] x86/fpu: Using 'lazy' FPU context witcs.
[  000000]e8: OS-provded ysic R mp:
  0.00000]BI-e20: me0x00000000000-0x0000009ff]usab
    0.000000] BIOS-e820: [mem 0x000000000009fc00-0x000000000009ffff] rsevved
[  .000000] BIOS-e820: [mem 0x00000000000f0000-0x00000000000fffff] reserved
[    0.000000] BIOS-e820: [mem 0x0000000000100000-0x000000003ffeffff] usable
[    0.000000] BIOS-e820: [mem 0x000000003fff0000-0x000000003fffffff] ACPI data
[    0.00] BIOe820: [mem 0x00000000fec00000-0x00000000fec00fff] reserved
[    0.000000] BIOS-e820:mem 000000fee00-0000000fe0fff]esved
[   000000 BIOS-e820: [mem 0x00000000fffc0000x00000000ffffffff] reserved
[    0.000000] NX (Execute Disable) protection: active
[    0.000000] SMBIOS 2.5 present.
[    0.000000] Hypervsor dteed KVM
[  000000]82 last_pf = 0xff mx_arh_pfn = 0x400000000
  0.00000]TR: Dibl
[   00000]x86/PAT: MTRRs disabled, skipping PAT initialization too.
[   00000] U RRs l an -viuazed ysm.
[  000000]86AT Congutin [0-7:   T  U U  WB  WT  UC- UC  
[    0.000000] found SMP MP-table at [mem 0x0009fff0-0x000fff]mapped a[ff88000ff0]
  0.0000 Snnng 1ars or l mor corrution
[    0.000000] RAMDISK: [mem 0x36ad8000-0x37563fff]
[    0.000000] ACPI: Early table checksum verification disabled
[    0.000000] ACPI: RSDP 0x00000000000E0000 000 (v0 VX )
[   .00000AC: XST 000000FF30 0003C (v01 VBOX   VBOXXSDT 00000001 ASL  000000)
[   00000] CP FCP 0000003FFF0000F (4 BOX  VXFACP 0000001ASL  00000061)
[    0.000000] ACPI: DSDT 0x000000003FFF0470 0021FF (02BO   VBXBS 000002 TL0100528)[  0.0000ACPI: FACS 0x000000003FFF0200 000040
[    0.000000] ACPI: FACS 0x000000003FFF0200 000040
[    0.00000] PIAPIC 0x00000FFF40005C (v02 VBOX   VBOXAPIC 00000001 ASL  00000061)
[    0.000000] ACPI: SSDT 0x000000003FFF02A0 0001CC (v01 VBOX   VBOXCPUT 00000002 INTL 20100528)
[    0.000000] No NUMA configuration found
[    0.000000] Faking a node at [mem 0x0000000000000-0000000003ffeffff]
[    0.000000] NODE_DATA(0) allocated [mem 0x3ffeb000-0x3ffeffff][  0.0000kvm-cckUsing ms 56d01 a 464d0
  .00000] kv-cock: cu  mr 0:ff30, prma c clock
[    0.000000] kvm-clock: using sched offset of 5138925528 cycles
[    0.0000000] cocsorc: m-lockma: 0xffffffffma_cycs:x1cd2eff maxid_n: 88901483ns[   0.0000] one ans:
[   00000]  A     [em 000000000100-0x00000fff]
[  .0000]  A3    [mm x00000001000-0x00003fffff][    00000   Noral ety
  0.0000  evce  emy[   0.000] Mab zone arfo eacnode
[    0.00000] Eay memory node ranges
[    0.000000]   node   0: [mem 0x0000000000001000-0x000000000009efff]
[    0.000000]   nde   0 [m x00000000000-0000003ffff]
[  .0000]Inme set nde 0[mm 000000001000x000003ffeff
    .000] ACI:M-imerO rt: 0x08
[   00000 IOAPI0] apic_id, rsio 3 adrssxf0000, I -23[  0.000] PI: INT_RCVR (bus 0bu_iq 0 obl_irq  dl fl)
[    0.00000] CP: INT_RC_OV (us 0 s_rq 9 global_irq 9 low leve
    0.000000] Using ACPI (MADT) for SMP configuration information
[    0.000000] smpboot: Allowing 2 CPUs, 0 hotplug CPUs
[    0.000000] PM: Registered nosave memory: [mem 0x00000000-0x00000fff]
[    0.000000] PM: Registered nosave memory: [mem 0x0009f000-0x0009ffff]
[    0.000000] : gisterenoave mor [mem 00000--0x000ff
[  0.000] : giter nave memory:me 0x000f0000-0x000fffff
  0.0000] 20: me0x0000000xbffff]available orPCI dece
[   00000] Bootngpaavirtuiz kernel  KVM
[   00000clocsoce refnejiies: mask: 0xfffff m_ccl: ffffff mx_ide_: 64559621568 
   0.0000] seup_peru:R_CP:5 n_cpuasbis:51nrpu_is:nrode_id:1
[   0.00000] PERCU:Embeed4 pagecp@fff883f0000s9544 r892 d15 u048576   0.000] P qpinlk shtablenies: 26 rder:0, 46 tes)
[  .00000But 1 oniss inodorder,oblityroing on  ta pag: 5712
[    0.0000 Piczone: A32
[   00000] rn cmmd ne BOO_IGE/boot/liz-4.4.-1-gneri rotABELcldi-roos  conoltt conole=ttS0
[  00000] PIha tab eries 496order: 3, 3276 btes)
   000000] Mmory: 101724K/1048120 ailble (832kenel de1313 rat, 3996 rat, 15K it, 31 bs, 496reerved,0Kmareseed
[   00000 SLU Hlin=64 Oer0-3,Mibjcts=0,CP=2 Nod=1[   0.000] Krn/Uer page abs isolation: enaled
[   0.00000] ierchical U mplemeatn.
[   00000]	Bldtimedjtmnt ole faout o .
[  0000 	U estrti CUsroNRCPUS51tonr_cu_s=.
[  00000 R: djusting geometry for rcu_fanout_leaf=64, nr_cpu_ids=2
[    0.000000] NR_IRQS:33024 nr_irqs:440 16
[    0.000000] Console: colour VGA+ 80x25
[    0.000000] console [tty1] enabled
[    0.000000] console [ttyS0] enabled
[    0.000000] tsc: Detected 2303.998 MHz processor
[   16.857809] Calibrating delay loop (skipped) preset value.. 4607.99 BogoMS (lpj=9215992)
[   16.916579] pid_max: default: 32768 minimum: 301
[   16.990626] ACPI: Core revision 20150930
[   17.012599] ACPI: 2 ACPI AML tables successfully acquired and loaded
[   17.134161] Security Framework initialized
[   17.214273] Yama: becoming mindful.
[   17.241666] AppArmor: AppArmor initialized
[   17.291002] Dentry cache hash table entries: 131072 (order: 8, 1048576 bytes)
[   17.447245] Inode-cache hash table entries: 65536 (order: 7, 524288 bytes)
[   17.606958] Mount-cache hash table entries: 2048 (order: 2, 16384 bytes)
[   17.666387] Mountpoint-cache hash table entries: 2048 (order: 2, 16384 bytes)
[   17.668299] Initializing cgroup subsys io
[   17.669422] Initializing cgroup subsys memory
[   17.676256] Initializing cgroup subsys devices
[   17.765266] Initializing cgroup subsys freezer
[   17.865390] Initializing cgroup subsys net_cls
[   17.949231] Initializing cgroup subsys perf_event
[   18.041759] Initializing cgroup subsys net_prio
[   18.121759] Initializing cgroup subsys hugetlb
[   18.203420] Initializing cgroup subsys pids
[   18.297873] CPU: Physical Processor ID: 0
[   18.377817] CPU: Processor Core ID: 0
[   18.470626] FEATURE SPEC_CTRL Not Present
[   18.551043] mce: CPU supports 0 MCE banks
[   18.645710] Last level iTLB entries: 4KB 64, 2MB 8, 4MB 8
[   18.770403] Last level dTLB entries: 4KB 64, 2MB 0, 4MB 0, 1GB 4
[   18.905865] Spectre V2 mitigation: Mitigation: Full generic retpoline
[   19.043448] Spectre V2 mitigation: Speculation control IBPB not-supported IBRS not-supported
[   19.225652] Spectre V2 mitigation: Filling RSB on context switch
[   19.334000] Freeing SMP alternatives memory: 32K
[   19.438090] ftrace: allocating 32195 entries in 126 pages
[   19.594039] smpboot: APIC(0) Converting physical 0 to logical package 0
[   19.677621] smpboot: Max logical packages: 1
[   19.770025] x2apic enabled
[   19.832962] Switched APIC routing to physical x2apic.
[   19.956086] ..TIMER: vector=0x30 apic1=0 pin1=2 apic2=-1 pin2=-1
[   20.173700] smpboot: CPU0: Intel(R) Core(TM) i5-7360U CPU @ 2.30GHz (family: 0x6, model: 0x8e, stepping: 0x9)
[   20.189085] Performance Events: unsupported p6 CPU model 142 no PMU driver, software events only.
[   20.278745] KVM setup paravirtual spinlock
[   20.347206] x86: Booting SMP configuration:
[   20.416203] .... node  #0, CPUs:      #1
[   20.489216] kvm-clock: cpu 1, msr 0:3ffe3041, secondary cpu clock
[   20.499937] mce: CPU supports 0 MCE banks
[   20.502797] x86: Booted up 1 node, 2 CPUs
[   20.554622] smpboot: Total of 2 processors activated (9215.99 BogoMIPS)
[   20.641680] devtmpfs: initialized
[   20.704838] evm: security.selinux
[   20.738399] evm: security.SMACK64
[   20.789061] evm: security.SMACK64EXEC
[   20.837628] evm: security.SMACK64TRANSMUTE
[   20.908262] evm: security.SMACK64MMAP
[   20.968177] evm: security.ima
[   21.020134] evm: security.capability
[   21.074467] clocksource: jiffies: mask: 0xffffffff max_cycles: 0xffffffff, max_idle_ns: 7645041785100000 ns
[   21.216630] futex hash table entries: 512 (order: 3, 32768 bytes)
[   21.234635] pinctrl core: initialized pinctrl subsystem
[   21.319288] RTC time:  2:41:32, date: 04/23/18
[   21.386816] NET: Registered protocol family 16
[   21.429860] cpuidle: using governor ladder
[   21.490748] cpuidle: using governor menu
[   21.533545] PCCT header not found.
[   21.578652] ACPI: bus type PCI registered
[   21.650527] acpiphp: ACPI Hot Plug PCI Controller Driver version: 0.5
[   21.730763] PCI: Using configuration type 1 for base access
[   21.812794] ACPI: Added _OSI(Module Device)
[   21.876644] ACPI: Added _OSI(Processor Device)
[   21.932241] ACPI: Added _OSI(3.0 _SCP Extensions)
[   21.988184] ACPI: Added _OSI(Processor Aggregator Device)
[   22.086388] ACPI: Executed 1 blocks of module-level executable AML code
[   22.170334] ACPI: Interpreter enabled
[   22.227438] ACPI: (supports S0 S5)
[   22.270913] ACPI: Using IOAPIC for interrupt routing
[   22.331172] PCI: Using host bridge windows from ACPI; if necessary, use "pci=nocrs" and report a bug
[   22.458945] ACPI: PCI Root Bridge [PCI0] (domain 0000 [bus 00-ff])
[   22.529632] acpi PNP0A03:00: _OSC: OS supports [ASPM ClockPM Segments MSI]
[   22.615156] acpi PNP0A03:00: _OSC: not requesting OS control; OS requires [ExtendedConfig ASPM ClockPM MSI]
[   22.732423] acpi PNP0A03:00: fail to add MMCONFIG information, can't access extended PCI configuratio space under this bridge.
[   22.993218] PCI host bridge to bus 0000:00
[   23.048643] pci_bus 0000:00: root bus resource [io  0x0000-0x0cf7 window]
[   23.132600] pci_bus 0000:00: root bus resource [io  0x0d00-0xffff window]
[   23.251609] pci_bus 0000:00: root bus resource [mem 0x000a0000-0x000bffff window]
[   23.356874] pci_bus 0000:00: root bus resource [mem 0x40000000-0xfdffffff window]
[   23.479781] pci_bus 0000:00: root bus resource [bus 00-ff]
[   23.585703] pci 0000:00:01.1: legacy IDE quirk: reg 0x10: [io  0x01f0-0x01f7]
[   23.616870] pci 0000:00:01.1: legacy IDE quirk: reg 0x14: [io  0x03f6]
[   23.658502] pci 0000:00:01.1: legacy IDE quirk: reg 0x18: [io  0x0170-0x0177]
[   23.673753] pci 0000:00:01.1: legacy IDE quirk: reg 0x1c: [io  0x0376]
[   23.749609] pci 0000:00:07.0: quirk: [io  0x4000-0x403f] claimed by PIIX4 ACPI
[   23.825250] pci 0000:00:07.0: quirk: [io  0x4100-0x410f] claimed by PIIX4 SMB
[   23.835648] ACPI: PCI Interrupt Link [LNKA] (IRQs 5 9 10 *11)
[   23.913173] ACPI: PCI Interrupt Link [LNKB] (IRQs 5 9 *10 11)
[   23.996768] ACPI: PCI Interrupt Link [LNKC] (IRQs 5 *9 10 11)
[   24.084584] ACPI: PCI Interrupt Link [LNKD] (IRQs 5 9 10 *11)
[   24.127303] ACPI: Enabled 2 GPEs in block 00 to 07
[   24.141666] vgaarb: setting as boot device: PCI:0000:00:02.0
[   24.236912] vgaarb: device added: PCI:0000:00:02.0,decodes=io+mem,owns=io+mem,locks=none
[   24.371625] vgaarb: loaded
[   24.417368] vgaarb: bridge control possible 0000:00:02.0
[   24.419006] SCSI subsystem initialized
[   24.464699] ACPI: bus type USB registered
[   24.491201] usbcore: registered new interface driver usbfs
[   24.511579] usbcore: registered new interface driver hub
[   24.514305] usbcore: registered new device driver usb
[   24.601366] PCI: Using ACPI for IRQ routing
[   24.676209] NetLabel: Initializing
[   24.727088] NetLabel:  domain hash size = 128
[   24.800849] NetLabel:  protocols = UNLABELED CIPSOv4
[   24.898200] NetLabel:  unlabeled traffic allowed by default
[   25.018815] amd_nb: Cannot enumerate AMD northbridges
[   25.111676] clocksource: Switched to clocksource kvm-clock
[   5.80] pAorAprm FessteEnbl
[   25.796 pn P AI init
[ 26894]npPnAC: ou 3evce
[   26.541658] clocksource: acpi_pm: mask: 0xffffff max_cycles: 0xffffff, max_idle_ns: 2085701024 ns
[   26.812494] NET: Registered protocol family 2
[   26.913220] TCP established hash table entries: 8192 (order: 4, 65536 bytes)
[   26.936786] TCP bind hash table entries: 8192 (order: 5, 131072 bytes)
[   26.954465] TCP: Hash tables configured (established 8192 bind 8192)
[   27.002808] UDP hash table entries: 512 (order: 2, 16384 bytes)
[   27.232482] UDP-Lite hash table entries: 512 (order: 2, 16384 bytes)
[   27.264306] NET: Registered protocol family 1
[   27.265682] pci 0000:00:00.0: Limiting direct PCI/PCI transfers
[   27.267458] pci 0000:00:01.0: Activating ISA DMA hang workarounds
[   27.269453] Unpacking initramfs...
[   28.781469] Freeing initrd memory: 10800K
[   28.962521] platform rtc_cmos: registered platform RTC device (no PNP device found)
[   29.135167] Scanning for low memory corruption every 60 seconds
[   29.139826] audit: initializing netlink subsys (disabled)
[   29.163854] audit: type=2000 audit(1524451282.370:1): initialized
[   29.182853] Initialise system trusted keyring
[   29.227768] HugeTLB registered 2 MB page size, pre-allocated 0 pages
[   29.339256] zbud: loaded
[   29.352228] VFS: Disk quotas dquot_6...0
[   29.552510] VFS: Dquot-cach  hash table entries: 512 (order 0, 4096 bytes)
[   29.844420] squashfs: version 4.0 (2009/01/31) Phillip Lougher
[   29.846519] fuse init (API version 7.23)
[   29.993320] tsc: Refined TSC clocksource calibration: 2304.000 MHz
[   30.232673] clocksource: tsc: mask: 0xffffffffffffffff max_cycles: 0x2135f7c97c8, max_idle_ns: 440795273205 ns
[   30.232928] Key type big_key registered
[   30.232946] Allocating IMA MOK and blacklist keyrings.
[   30.233210] Key type asymmetric registered
[   30.233217] Asymmetric key parser 'x509' registered
[   30.233254] Block layer SCSI generic (bsg) driver version 0.4 loaded (major 249)
[   30.233281] io scheduler noop registered
[   30.233283] io scheduler deadline registered (default)
[   30.233316] io scheduler cfq registered
[   30.233424] pci_hotplug: PCI Hot Plug PCI Core version: 0.5
[   30.233430] pciehp: PCI Express Hot Plug Controller Driver version: 0.4
[   30.233760] ACPI: AC Adapter [AC] (on-line)
[   30.233818] input: Power Button as /devices/LNXSYSTM:00/LNXPWRBN:00/input/input0
[   30.233821] ACPI: Power Button [PWRF]
[   30.233943] input: Sleep Button as /devices/LNXSYSTM:00/LNXSLPBN:00/input/input1
[   30.233945] ACPI: Sleep Button [SLPF]
[   30.234121] GHES: HEST is not enabled!
[   30.235256] ACPI: Battery Slot [BAT0] (battery present)
[   30.235309] Serial: 8250/16550 driver, 32 ports, IRQ sharing enabled
[   30.280108] 00:02: ttyS0 at I/O 0x3f8 (irq = 4, base_baud = 115200) is a 16550A
[   30.291842] Linux agpgart interface v0.103
[   30.301605] loop: module loaded
[   30.302048] scsi host0: ata_piix
[   30.302095] scsi host1: ata_piix
[   30.302119] ata1: PATA max UDMA/33 cmd 0x1f0 ctl 0x3f6 bmdma 0xd000 irq 14
[   30.302120] ata2: PATA max UDMA/33 cmd 0x170 ctl 0x376 bmdma 0xd008 irq 15
[   30.302180] libphy: Fixed MDIO Bus: probed
[   30.302182] tun: Universal TUN/TAP device driver, 1.6
[   30.302183] tun: (C) 1999-2004 Max Krasnyansky <maxk@qualcomm.com>
[   30.302541] PPP generic driver version 2.4.2
[   30.302593] ehci_hcd: USB 2.0 'Enhanced' Host Controller (EHC)) Driver
[   30.302596] ehci-pci: EHCI PCI platform driver
[   30.302611] ehci-platform: EHCI generic platform driver
[   30.302617] ohci_hcd: USB 1.1 'Open' Host Controller (OHCI) Driver
[   30.302623] ohci-pci: OHCI PCI platform driver
[   30.302629] ohci-platform: OHCI generic platform driver
[   30.302636] uhci_hcd: USB Universal Host Controller Interface driver
[   30.302682] i8042: PNP: PS/2 Controller [PNP0303:PS2K,PNP0f03:PS2M] at 0x60,0x64 irq 1,12
[   30.303084] serio: i8042 KBD port at 0x60,0x64 irq 1
[   30.303087] serio: i8042 AUX port at 0x60,0x64 irq 12
[   30.303163] mouseeev: PS/2 mouse device common for all mice
[   30.303393] input: AT Translated Set 2 keyboard as /devices/platform/i8042/serio0/input/input2
[   30.303694] rtc_cmos rtc_cmos: rtc core: registered rtc_cmos as rtc0
[   30.303763] rtc_cmos rtc_cmos: alarms up to one day, 114 bytes nvram
[   30.303768] i2c /dev entries driver
[   30.303812] device-mapper: uevent: version 1.0.3
[   30.303855] device-mapper: ioctl: 4.34.0-ioctl (2015-10-28) initialised: dm-devel@redhat.com
[   30.303872] ledtrig-cpu: registered to indicate activity on CPUs
[   30.304080] NET: Registered protocol family 10
[   30.304198] NET: Registered protocol family 17
[   30.304205] Key type dns_resolver registered
[   30.304380] registered taskstats version 1
[   30.304392] Loading compiled-in X.509 certificates
[   30.304838] Loaded X.509 cert 'Build time autogenerated kernel key: f854e06633b5f496ced5b2e02c7b14f761b69302'
[   30.304851] zswap: loaded using pool lzo/zbud
[   30.306294] Key type trusted registered
[   30.308126] Key type encrypted registered
[   30.308131] AppArmor: AppArmor sha1 policy hashing enabled
[   30.308133] ima: No TPM chip found, activating TPM-bypass!
[   30.308148] evm: HMAC attrs: 0x1
[   30.308457]   Magic number: 14:58:663
[   30.331871] rtc_cmos rtc_cmos: setting system clock to 2018-04-23 02:41:41 UTC (1524451301)
[   30.331968] BIOS EDD facility v0.16 2004-Jun-25, 0 devices found
[   30.331968] EDD information not available.
[   34.690996] Freeing unused kernel memory: 1508K
[   35.554984] Write protecting the kernel read-only data: 14336k
[   35.677242] Freeing unused kernel memory: 1696K
[   35.753963] Freeing unused kernel memory: 100K
Loading, please [   35.846054] random: systemd-udevd: uninitialized urandom read (16 bytes read, 9 bits of entropy available)
wait...
startin[   35.848319] random: udevadm: uninitialized urandom read (16 bytes read, 9 bits of entropy available)
g version 229
[   35.848333] random: udevadm: uninitialized urandom read (16 bytes read, 9 bits of entropy available)
[   35.854180] random: udevadm: uninitialized urandom read (16 bytes read, 9 bits of entropy available)
[   35.854213] random: udevadm: uninitialized urandom read (16 bytes read, 9 bits of entropy available)
[   35.854312] random: udevadm: uninitialized urandom read (16 bytes read, 9 bits of entropy available)
[   35.854348] random: udevadm: uninitialized urandom read (16 bytes read, 9 bits of entropy available)
[   35.854384] random: udevadm: uninitialized urandom read (16 bytes read, 9 bits of entropy available)
[   35.854422] random: udevadm: uninitialized urandom read (16 bytes read, 9 bits of entropy available)
[   35.854456] random: udevadm: uninitialized urandom read (16 bytes read, 9 bits of entropy available)
[   37.227695] e1000: Intel(R) PRO/1000 Network Driver - version 7.3.21-k8-NAPI
[   37.239514] e1000: Copyright (c) 1999-2006 Intel Corporation.
[   37.239567] Fusion MPT base driver 3.04.20
[   37.239568] Copyright (c) 1999-2008 LSI Corporation
[   37.264538] Fusion MPT SPI Host driver 3.04.20
[   37.306375] AVX2 version of gcm_enc/dec engaged.
[   37.396423] AES CTR mode by8 optimization enabled
[   37.460823] input: ImExPS/2 Generic Explorer Mouse as /devices/platform/i8042/serio1/input/input4
[   37.753325] e1000 0000:00:03.0 eth0: (PCI:33MHz:32-bit) 02:b9:14:72:32:5c
[   37.933020] e1000 0000:00:03.0 eth0: Intel(R) PRO/1000 Network Connection
[   37.951684] mptbase: ioc0: Initiating bringup
[   38.432219] ioc0: LSI53C1030 A0: Capabilities={Initiator}
[   38.860023] scsi host2: ioc0: LSI53C1030 A0, FwRev=00000000h, Ports=1, MaxQ=256, IRQ=20
[   39.057947] scsi 2:0:0:0: Direct-Access     VBOX     HARDDISK         1.0  PQ: 0 ANSI: 5
[   39.094464] scsi target2:0:0: Beginning Domain Validation
[   39.108588] scsi target2:0:0: Domain Validation skipping write tests
[   39.127288] scsi target2:0:0: Ending Domain Validation
[   39.129654] scsi target2:0:0: asynchronous
[   39.140893] scsi 2:0:1:0: Direct-Access     VBOX     HARDDISK         1.0  PQ: 0 ANSI: 5
[   39.179180] scsi target2:0:1: Beginning Domain Validation
[   39.215082] scsi target2:0:1: Domain Validation skipping write tests
[   39.245643] scsi target2:0:1: Ending Domain Validation
[   39.281982] scsi target2:0:1: asynchronous
[   39.316506] sd 2:0:0:0: Attached scsi generic sg0 type 0
[   39.357470] sd 2:0:0:0: [sda] 20971520 512-byte logical blocks: (10.7 GB/10.0 GiB)
[   39.380298] sd 2:0:1:0: Attached scsi generic sg1 type 0
[   39.382623] sd 2:0:1:0: [sdb] 20480 512-byte logical blocks: (10.5 MB/10.0 MiB)
[   39.391563] sd 2:0:1:0: [sdb] Write Protect is off
[   39.391807] sd 2:0:1:0: [sdb] Incomplete mode parameter data
[   39.391808] sd 2:0:1:0: [sdb] Assuming drive cache: write through
[   39.417234] sd 2:0:0:0: [sda] Write Protect is off
[   39.432376] sd 2:0:0:0: [sda] Incomplete mode parameter data
[   39.433717] sd 2:0:1:0: [sdb] Attached SCSI disk
[   39.664284] sd 2:0:0:0: [sda] Assuming drive cache: write through
[   39.683605] e1000 0000:00:08.0 eth1: (PCI:33MHz:32-bit) 08:00:27:5c:8d:b2
[   39.717847] e1000 0000:00:08.0 eth1: Intel(R) PRO/1000 Network Connection
[   39.717913]  sda: sda1
[   39.745367] e1000 0000:00:03.0 enp0s3: renamed from eth0
[   39.748941] sd 2:0:0:0: [sda] Attached SCSI disk
[   39.803960] e1000 0000:00:08.0 enp0s8: renamed from eth1
[   40.261122] floppy0: no floppy controllers found
Begin: Loading e[   41.665167] md: linear personality registered for level -1
ssential drivers[   41.875746] md: multipath personality registered for level -4
 ... [   41.924569] md: raid0 personality registered for level 0
[   41.988294] md: raid1 personality registered for level 1
[   42.071883] raid6: sse2x1   gen() 11093 MB/s
[   42.196247] raid6: sse2x1   xor()  8574 MB/s
[   42.308018] raid6: sse2x2   gen() 14901 MB/s
[   42.395749] raid6: sse2x2   xor()  6740 MB/s
[   42.476251] raid6: sse2x4   gen() 15484 MB/s
[   42.627995] raid6: sse2x4   xor() 11221 MB/s
[   42.735921] raid6: avx2x1   gen() 24437 MB/s
[   42.855881] raid6: avx2x2   gen() 27736 MB/s
[   42.999963] raid6: avx2x4   gen() 30259 MB/s
[   43.018484] raid6: using algorithm avx2x4 gen() 30259 MB/s
[   43.058007] raid6: using avx2x2 recovery algorithm
[   43.060909] xor: automatically using best checksumming function:
[   43.337190]    avx       : 34475.000 MB/sec
[   43.454377] async_tx: api initialized (async)
[   43.539432] md: raid6 personality registered for level 6
[   43.653567] md: raid5 personality registered for level 5
[   43.729508] md: raid4 personality registered for level 4
[   43.821253] md: raid10 personality registered for level 10
done.
Begin: Running /scripts/init-premount ...[   44.006141] Btrfs loaded
 done.
Begin: Mounting root file system ... Begin: Running /scripts/local-top ... done.
Begin: Running /scripts/local-premount ... Scanning for Btrfs filesystems
done.
Warning: fsck no[   44.169041] EXT4-fs (sda1): mounted filesystem with ordered data mode. Opts: (null)
t present, so skipping root file system
done.
Begin: Running /scripts/local-bottom ... done.
Begin: Running /scripts/init-bottom ... done.
[   44.559351] systemd[1]: systemd 229 running in system mode. (+PAM +AUDIT +SELINUX +IMA +APPARMOR +SMACK +SYSVINIT +UTMP +LIBCRYPTSETUP +GCRYPT +GNUTLS +ACL +XZ -LZ4 +SECCOMP +BLKID +ELFUTILS +KMOD -IDN)
[   44.842057] systemd[1]: Detected virtualization oracle.
[   44.961554] systemd[1]: Detected architecture x86-64.

Welcome to [1mUbuntu 16.04.4 LTS[0m!

[   45.131798] systemd[1]: Set hostname to <ubuntu>.
[   45.215692] systemd[1]: Initializing machine ID from random generator.
[   45.323322] systemd[1]: Installed transient /etc/machine-id file.
[   45.513819] random: nonblocking pool is initialized
[ 457054 sysem1]StteForward Pawo Rues  Wl Diecryat.
[[0;32m  OK  [0m] Started Forward Password Requests to Wall Directory Watch.
[ 46608921syem1]: acd rg SstemimSyhriz.

[[0;32m  OK  [0m] Reached target System Time Synchronized.
[ 47429]ysmd]:isenin on url ckt (/evlo). [[0;32m  OK  [0m] Listening on Journal Socket (/dev/log).
[ 48364]ystem1]Crtesle erndesonlice
[[0;32m  OK  [0m] Created slice User and Session Slice.
[   .094 ste[1]: Lstning onoualoct.
[[0;32m  OK  [0m] Listening on Journal Socket.
[ 496493]ysmd]:Listening on udev KerneSoet
[[0;32m  OK  [0m] Listening on udev Kernel Socket.
[  50.124]ysmd1]: Listeni oLV mada em ske.
[[0;32m  OK  [0m] Listening on LVM2 metadata daemon socket.
[  50.128]ysmd]: Setuputount Arbtrryxeutable File Forms leysm toou Pnt

[[0;32m  OK  [0m] Set up automount Arbitrary Executab...ats File System Automount Point.
[   51409]ysmd1]: Lieng n evontrol Socket.

[[0;32m  OK  [0m] Listening on udev Control Socket.
[   52.3124]ysmd[]: isnig  L2 oll aeon socket
[[0;32m  OK  [0m] Listening on LVM2 poll daemon socket.
[ 529681] std[: ared Tigr esvcf upteoretworkd DNS.

[[0;32m  OK  [0m] Started Trigger resolvconf update for networkd DNS.
[   3.662437] systemd[1]: Reached target Us ad ouName Looup
[[0;32m  OK  [0m] Reached target User and Group Name Lookups.
[   5.197] std[]: Create sceSyemlie.

[[0;32m  OK  [0m] Created slice System Slice.
[   54.664761] systemd[1]: Starting Load Kernel Modules...
         Starting Load Ke[   54.692362] Loading iSCSI transport class v2.0-870.
rnel Modules...
[   54.759611] systemd[1]: Starting Nameserver information manager...
[   54.786012] iscsi: registered transport (tcp)
         Starting Nameser[   54.883072] iscsi: registered transport (iser)
ver information manager...
[   55.004380] systemd[1]: Starting Remount Root and Kernel File Systems...
         [   55.194078] EXT4-fs (sda1): re-mounted. Opts: (null)
Starting Remount Root and Kernel File Systems...
[ 550307syem[1] Cread ic stem-seiax2gey.ic
[[0;32m  OK  [0m] Created slice system-serial\x2dgetty.slice.
[   56.128497] systemd[1]: Starting Uncomplicated firewall...
         Starting Uncomplicated firewall...
[   56.158532] systemd[1]: Mounting POSIX Message Queue File System...
         Mounting POSIX Message Queue File System...
[   56.212448] systemd[1]: Starting Create list of required static device nodes for the current kernel...
         Starting Create list of required st... nodes for the current kernel...
[   56.252043] systemd[1]: Reached target Slices.
[[0;32m  OK  [0m] Reached target Slices.
[   56.292662] systemd[1]: Mounting Huge Pages File System...
         Mounting Huge Pages File System...
[ 563838 ste[1 Listeningon Ssl Scket.
[[0;32m  OK  [0m] Listening on Syslog Socket.
[ 56170]ysmd1]: Listinonournal Audit Socket.
[[0;32m  OK  [0m] Listening on Journal Audit Socket.
[   57.388895] systemd[1]: Starting Journal Service...
         Starting Journal Service...
[   57.25] stmd[1 Rch targeSw.
[[0;32m  OK  [0m] Reached target Swap.
[  5.032] stem1] Lteing ondeinctCoatiltyam Pe.
[[0;32m  OK  [0m] Listening on /dev/initctl Compatibility Named Pipe.
[   588844syte[1 Rchd tageEnrypted Volme.
[[0;32m  OK  [0m] Reached target Encrypted Volumes.
[   59.476698] systemd[1]: Mounting Debug File System...
         Mounting Debug File System...
[   59.624404] systemd[1]: Starting Set console keymap...
         Starting Set console keymap...
[   59.749722] systemd[1]: Listening on Device-mapper event daemon FIFOs.
[[0;32m  OK  [0m] Listening on Device-mapper event daemon FIFOs.
[   59.972403] systemd[1]: Starting Monitoring of LVM2 mirrors, snapshots etc. using dmeventd or progress polling...
         Starting Monitoring of LVM2 mirrors... dmeventd or progress polling...
[   60.173262]syem1]: uned Huge geFi Ste
[[0;32m  OK  [0m] Mounted Huge Pages File System.
[ 60.7040syste[1 Mnt POSIX Message QueFile System.
[[0;32m  OK  [0m] Mounted POSIX Message Queue File System.
[   61.145662] systemd[1]: Mounted Debug File System.
[[0;32m  OK  [0m] Mounted Debug File System.
[   61.166492] systemd[1]: Started Journal Service.
[[0;32m  OK  [0m] Started Journal Service.
[[0;32m  OK  [0m] Started Load Kernel Modules.
[[0;32m  OK  [0m] Started Remount Root and Kernel File Systems.
[[0;32m  OK  [0m] Started Uncomplicated firewall.
[[0;32m  OK  [0m] Started Create list of required sta...ce nodes for the current kernel.
[[0;32m  OK  [0m] Started Set console keymap.
[[0;32m  OK  [0m] Started Nameserver information manager.
[[0;32m  OK  [0m] Started LVM2 metadata daemon.
         Starting Create Static Device Nodes in /dev...
         Starting Load/Save Random Seed...
         Starting udev Coldplug all Devices...
         Starting Initial cloud-init job (pre-networking)...
         Starting Apply Kernel Variables...
         Mounting FUSE Control File System...
         Starting Flush Journal to Persistent Storage...
[[0;32m  OK  [0m] Mounted FUSE Control File System.
[[0;32m  OK  [0m] Started Create Static Device Nodes in /dev.
[[0;32m  OK  [0m] Started Load/Save Random Seed.
[[0;32m  OK  [0m] Started Apply Kernel Variables.
[[0;32m  OK  [0m] Started Monitoring of LVM2 mirrors,...ng dmeventd or progress polling.
[[0;32m  OK  [0m] Started udev Coldplug all Devices.
[[0;32m  OK  [0m] Started Flush Journal to Persistent Storage.
         Starting udev Kernel Device Manager...
[[0;32m  OK  [0m] Started udev Kernel Device Manager.
[[0;32m  OK  [0m] Reached target Local File Systems (Pre).
[[0;32m  OK  [0m] Reached target Local File Systems.
         Starting Commit a transient machine-id on disk...
         Starting Create Volatile Files and Directories...
         Starting Set console font and keymap...
         Starting LSB: AppArmor initialization...
         Starting Tell Plymouth To Write Out Runtime Data...
[[0;32m  OK  [0m] Started Dispatch Password Requests to Console Directory Watch.
[   38.331760] [cloud-init[0;32m  OK  [0m[451]: ] Cloud-init v. 18.2 running 'init-local' at Mon, 23 Apr 2018 02:42:13 +0000. Up 37.98 seconds.Started Commit a transient machine-id on disk.

[[0;32m  OK  [0m] Started Create Volatile Files and Directories.
[[0;32m  OK  [0m] Started Tell Plymouth To Write Out Runtime Data.
[[0;32m  OK  [0m] Started Set console font and keymap.
[[0;32m  OK  [0m] Started Initial cloud-init job (pre-networking).
[[0;32m  OK  [0m] Found device /dev/ttyS0.
[[0;32m  OK  [0m] Listening on Load/Save RF Kill Switch Status /dev/rfkill Watch.
[[0;32m  OK  [0m] Reached target Network (Pre).
[[0;32m  OK  [0m] Created slice system-getty.slice.
         Starting Update UTMP about System Boot/Shutdown...
[[0;32m  OK  [0m] Started Update UTMP about System Boot/Shutdown.
[[0;32m  OK  [0m] Started LSB: AppArmor initialization.
         Starting Raise network interfaces...
[[0;32m  OK  [0m] Started Raise network interfaces.
[[0;32m  OK  [0m] Reached target Network.
         Starting Initial cloud-init job (metadata service crawler)...
[   42.070749] cloud-init[950]: Cloud-init v. 18.2 running 'init' at Mon, 23 Apr 2018 02:42:17 +0000. Up 41.52 seconds.
[   42.172622] cloud-init[950]: ci-info: ++++++++++++++++++++++++++++++++++++++Net device info++++++++++++++++++++++++++++++++++++++
[   42.173425] cloud-init[950]: ci-info: +--------+-------+----------------------------+---------------+-------+-------------------+
[[0;32m  OK  [0m] Started Initial cloud-init job (metadata service crawler).
[   42.173630] cloud-init[950]: ci-info: | Device |   Up  |          Address           |      Mask     | Scope |     Hw-Address    |
[   42.684838] cloud-init[950]: ci-info: +--------+-------+----------------------------+---------------+-------+-------------------+
[   42.685474] cloud-init[950]: ci-info: | enp0s3 |  True |         10.0.2.15          | 255.255.255.0 |   .   | 02:b9:14:72:32:5c |
[[0;32m  OK  [0m] Reached target System Initialization.
[[   42.685743] cloud-init[950]: ci-info: | enp0s3 |  True | fe80::b9:14ff:fe72:325c/64 |       .       |  link | 02:b9:14:72:32:5c |
[   43.042265] cloud-init[950]: ci-info: | enp0s8 | False |             .              |       .       |   .   | 08:00:27:5c:8d:b2 |
[0;32m  OK  [0m] Listening on UUID daemon activation socket.
[[   43.042536] cloud-init[950]: ci-info: |   lo   |  True |         127.0.0.1          |   255.0.0.0   |   .   |         .         |
[   43.311785] cloud-init[950]: ci-info: |   lo   |  True |          ::1/128           |       .       |  host |         .         |
[0;32m  OK  [0m] Started Daily Cleanup of Temporary Directories.
[   43.312096] cloud-init[950]: ci-info: +--------+-------+----------------------------+---------------+-------+-------------------+
[   43.661592] cloud-init[950]: ci-info: +++++++++++++++++++++++++++Route IPv4 info++++++++++++++++++++++++++++
[[0;32m  OK  [0m] Listening on D-Bus System Message Bus Socket.
[   43.661919] cloud-init[950]: ci-info: +-------+-------------+----------+---------------+-----------+-------+
         Starting Socket activation for snappy daemon.
[   44.043130] cloud-init[950]: ci-info: | Route | Destination | Gateway  |    Genmask    | Interface | Flags |
[   44.218655] cloud-init[950]: ci-info: +-------+-------------+----------+---------------+-----------+-------+
[[0;32m  OK  [0m] Listening on ACPID Listen Socket.
[   44.219165] cloud-init[950]: ci-info: |   0   |   0.0.0.0   | 10.0.2.2 |    0.0.0.0    |   enp0s3  |   UG  |
[   44.531240] cloud-init[950]: ci-info: |   1   |   10.0.2.0  | 0.0.0.0  | 255.255.255.0 |   enp0s3  |   U   |
[   44.531995] cloud-init[950]: ci-info: +-------+-------------+----------+---------------+-----------+-------+
[[0;32m  OK  [0m] Started ACPI Events Check.
[   44.532414] cloud-init[950]: Generating public/private rsa key pair.
[   44.854117] cloud-init[950]: Your identification has been saved in /etc/ssh/ssh_host_rsa_key.
[[0;32m  OK  [0m] Reached target Paths.
[   44.854423] cloud-init[950]: Your public key has been saved in /etc/ssh/ssh_host_rsa_key.pub.
[   45.052560] cloud-init[950]: The key fingerprint is:
[   45.053194] cloud-init[950]: SHA256:onmYOre5w+bOEWTUtS0Au06D2QyxN2NDg8bZs2ksLYU root@ubuntu-xenial
         Starting LXD - unix socket.
[[   45.053634] cloud-init[950]: The key's randomart image is:
[   45.313851] cloud-init[950]: +---[RSA 2048]----+
[   45.314184] cloud-init[950]: | ..==o...        |
[   45.314528] cloud-init[950]: |  E=+o.. o       |
[   45.314839] cloud-init[950]: | .o+X+  o .      |
[   45.315140] cloud-init[950]: |  o@*=   .       |
[   45.315448] cloud-init[950]: |  o+B . S        |
[   45.315756] cloud-init[950]: |   o B .         |
[   45.316384] cloud-init[950]: |   .B .          |
[   45.316687] cloud-init[950]: |  .o=+           |
[   45.316994] cloud-init[950]: |  .*B+           |
[   45.317303] cloud-init[950]: +----[SHA256]-----+
[   45.317613] cloud-init[950]: Generating public/private dsa key pair.
[   45.317921] cloud-init[950]: Your identification has been saved in /etc/ssh/ssh_host_dsa_key.
[   45.318230] cloud-init[950]: Your public key has been saved in /etc/ssh/ssh_host_dsa_key.pub.
[   45.318542] cloud-init[950]: The key fingerprint is:
[   45.318848] cloud-init[950]: SHA256:sz/vZzqbHkIvsG4r0OFwkDiDzH7PR71HYPsq2uSFuQs root@ubuntu-xenial
[0;32m  OK  [0m] Started Daily apt download activities.
[   45.319197] cloud-init[950]: The key's randomart image is:
[   45.780514] cloud-init[950]: +---[DSA 1024]----+
[   45.780924] cloud-init[950]: |o. . .           |
[[0;32m  OK  [0m] Started Daily apt upgrade and clean activities.
[   45.781134] cloud-init[950]: |.o+ o    o       |
[   45.833983] cloud-init[950]: |.  o .  o o      |
[[0;32m  OK  [0m] Reached target Timers.
[   45.834257] cloud-init[950]: | . .. o. o .     |
[   45.981958] cloud-init[950]: |  . o=..S =      |
[[0;32m  OK  [0m] Reached target Cloud-config availability.
[   45.982393] cloud-init[950]: |    .oo.oB +     |
[   46.164653] cloud-init[950]: |     E.+o.= o    |
[   46.165419] cloud-init[950]: |      *o+o.o.oo  |
[   46.165698] cloud-init[950]: |     ..B=..=B*   |
[[0;32m  OK  [0m] Reached target Network is Online.
[   46.165765] cloud-init[950]: +----[SHA256]-----+
[   46.432578] cloud-init[950]: Generating public/private ecdsa key pair.
[   46.432986] cloud-init[950]: Your identification has been saved in /etc/ssh/ssh_host_ecdsa_key.
         Starting iSCSI initiator daemon (iscsid)...
[   46.433187] cloud-init[950]: Your public key has been saved in /etc/ssh/ssh_host_ecdsa_key.pub.
[   46.724697] cloud-init[950]: The key fingerprint is:
[   46.725337] cloud-init[950]: SHA256:FuPs3CIzVd14Ds6XzNKCxZxzJ8bED7WIZzT6ZIjyzaY root@ubuntu-xenial
[[0;32m  OK  [0m] Listening on Socket activation for snappy daemon.
[   46.725596] cloud-init[950]: The key's randomart image is:
[   46.817171] cloud-init[950]: +---[ECDSA 256]---+
[[0;32m  OK  [0m] Listening on LXD - unix socket.
[   46.817336] cloud-init[950]: |             +...|
[   47.200483] cloud-init[950]: |          .+=*= .|
[   47.201074] cloud-init[950]: |       .o..+X*B+.|
[[0;32m  OK  [0m] Reached target Sockets.
[[   47.201334] cloud-init[950]: |       oo+o=*@ +.|
[   47.343745] cloud-init[950]: |        S..+=.B  |
[0;32m  OK  [0m] Reached target Basic System.
[   47.344005] cloud-init[950]: |       = .o  +   |
[   47.437453] cloud-init[950]: |      + +E.      |
[   47.437855] cloud-init[950]: |       + .       |
         Starting Pollinate to seed the pseudo random number generator...
[   47.438104] cloud-init[950]: |                 |
[   47.555712] cloud-init[950]: +----[SHA256]-----+
[   47.576386] cloud-init[950]: Generating public/private ed25519 key pair.
[   47.576815] cloud-init[950]: Your identification has been saved in /etc/ssh/ssh_host_ed25519_key.
[[0;32m  OK  [0m] Started Deferred execution scheduler.
[   47.577018] cloud-init[950]: Your public key has been saved in /etc/ssh/ssh_host_ed25519_key.pub.
[   47.852798] cloud-init[950]: The key fingerprint is:
[   47.853357] cloud-init[950]: SHA256:+Qt9Ay0AlwhCBbf6WEfQGHVA6TeFJfbrNIrgSE/HyeI root@ubuntu-xenial
         Starting /etc/rc.local Compatibility...
[   47.853808] cloud-init[950]: The key's randomart image is:
[   48.148508] cloud-init[950]: +--[ED25519 256]--+
[   48.148966] cloud-init[950]: | .+o*B=+=+.      |
[[0;32m  OK  [0m] Started ACPI event daemon.
[   48.149304] cloud-init[950]: |   o.o+=oo.      |
[   48.268936] cloud-init[950]: |    ... ...      |
[   48.269486] cloud-init[950]: |   . +..oo o     |
         Starting Apply the settings specified in cloud-config...
[   48.269755] cloud-init[950]: |  o = *.S.* .    |
[   48.436390] cloud-init[950]: | . X = . * +     |
[   48.436801] cloud-init[950]: |  o E . o + o    |
         Starting System Logging Service...
[   48.437009] cloud-init[950]: |         . o .   |
[[0;32m  OK  [0m[   48.565375] ] cloud-initStarted FUSE filesystem for LXC.[950]: 
|          .      |
[[   48.565766] cloud-init[950]: +----[SHA256]-----+
[0;32m  OK  [0m] Started Unattended Upgrades Shutdown.
         Starting Accounts Service...
         Starting Login Service...
[   48.791883] cloud-init[1106]: Generating locales (this might take a while)...
[[0;32m  OK  [0m] Started Regular background program processing daemon.
         Starting Virtualbox guest utils...
[[0;32m  OK  [0m] Started D-Bus System Message Bus.
         Starting LSB: Record successful boot for GRUB...
         Starting LXD - container startup/shutdown...
         Starting LSB: MD monitoring daemon...
         Starting Snappy daemon...
[[0;32m  OK  [0m] Started System Logging Service.
[[0;32m  OK  [0m] Started iSCSI initiator daemon (iscsid).
[[0;32m  OK  [0m] Started Pollinate to seed the pseudo random number generator.
[[0;32m  OK  [0m] Started /etc/rc.local Compatibility.
[[0;32m  OK  [0m] Started LXD - container startup/shutdown.
[[0;32m  OK  [0m] Started Snappy daemon.
[[0;32m  OK  [0m] Started LSB: Record successful boot for GRUB.
[[0;32m  OK  [0m] Started LSB: MD monitoring daemon.
[[0;32m  OK  [0m] Started Login Service.
         Starting Authenticate and Authorize Users to Run Privileged Tasks...
         Starting OpenBSD Secure Shell server...
         Starting Login to default iSCSI targets...
[[0;32m  OK  [0m] Started OpenBSD Secure Shell server.
[[0;32m  OK  [0m] Started Virtualbox guest utils.
[[0;32m  OK  [0m] Started Authenticate and Authorize Users to Run Privileged Tasks.
[[0;32m  OK  [0m] Started Accounts Service.
[[0;32m  OK  [0m] Started Login to default iSCSI targets.
[[0;32m  OK  [0m] Reached target Remote File Systems (Pre).
[[0;32m  OK  [0m] Reached target Remote File Systems.
         Starting LSB: automatic crash report generation...
         Starting LSB: daemon to balance interrupts for SMP systems...
         Starting Permit User Sessions...
         Starting LSB: Set the CPU Frequency Scaling governor to "ondemand"...
[[0;32m  OK  [0m] Started Permit User Sessions.
         Starting Hold until boot process finishes up...
         Starting Terminate Plymouth Boot Screen...
[[0;32m  OK  [0m] Started LSB: automatic crash report generation.
[[0;32m  OK  [0m] Started LSB: daemon to balance interrupts for SMP systems.
[[0;32m  OK  [0m] Started LSB: Set the CPU Frequency Scaling governor to "ondemand".
[[0;32m  OK  [0m] Started Hold until boot process finishes up.
[[0;32m  OK  [0m] Started Terminate Plymouth Boot Screen.
[[0;32m  OK  [0m] Created slice User Slice of vagrant.
[   50.073735] cloud-init[1106]:   en_US.UTF-8... done
[   50.128383] [cloud-init[0;32m  OK  [0m[1106]: ] Generation complete.Started Session 1 of user vagrant.

         Starting User Manager for UID 1000...
[[0;32m  OK  [0m] Started Getty on tty1.
         Starting Set console scheme...
[[0;32m  OK  [0m] Started Serial Getty on ttyS0.
[[0;32m  OK  [0m] Reached target Login Prompts.
[[0;32m  OK  [0m] Reached target Multi-User System.
[   50.400423] cloud-init[1106]: Cloud-init v. 18.2 running 'modules:config' at Mon, 23 Apr 2018 02:42:24 +0000. Up 48.59 seconds.
[[0;32m  OK  [0m] Reached target Graphical Interface.
         Starting Update UTMP about System Runlevel Changes...
[[0;32m  OK  [0m] Started User Manager for UID 1000.
[[0;32m  OK  [0m] Started Apply the settings specified in cloud-config.
[[0;32m  OK  [0m] Started Set console scheme.
[[0;32m  OK  [0m] Started Update UTMP about System Runlevel Changes.
         Starting Execute cloud user/final scripts...
ci-info: no authorized ssh keys fingerprints found for user ubuntu.
<14>Apr 23 02:42:27 ec2: 
<14>Apr 23 02:42:27 ec2: #############################################################
<14>Apr 23 02:42:27 ec2: -----BEGIN SSH HOST KEY FINGERPRINTS-----
<14>Apr 23 02:42:27 ec2: 1024 SHA256:sz/vZzqbHkIvsG4r0OFwkDiDzH7PR71HYPsq2uSFuQs root@ubuntu-xenial (DSA)
<14>Apr 23 02:42:27 ec2: 256 SHA256:FuPs3CIzVd14Ds6XzNKCxZxzJ8bED7WIZzT6ZIjyzaY root@ubuntu-xenial (ECDSA)
<14>Apr 23 02:42:27 ec2: 256 SHA256:+Qt9Ay0AlwhCBbf6WEfQGHVA6TeFJfbrNIrgSE/HyeI root@ubuntu-xenial (ED25519)
<14>Apr 23 02:42:27 ec2: 2048 SHA256:onmYOre5w+bOEWTUtS0Au06D2QyxN2NDg8bZs2ksLYU root@ubuntu-xenial (RSA)
<14>Apr 23 02:42:27 ec2: -----END SSH HOST KEY FINGERPRINTS-----
<14>Apr 23 02:42:27 ec2: #############################################################
-----BEGIN SSH HOST KEY KEYS-----
ecdsa-sha2-nistp256 AAAAE2VjZHNhLXNoYTItbmlzdHAyNTYAAAAIbmlzdHAyNTYAAABBBLsyzMSEWypzzR7+qN+LxFfqazZEqmyYzLf09c/ODYc5zzmSRrkHIx8eYIdKcPfa5+/9e+A/ZBaQeEXKnUSBtXQ= root@ubuntu-xenial
ssh-ed25519 AAAAC3NzaC1lZDI1NTE5AAAAILFkSkazYoxXKblQ+k+J+TsrrHQJFY2wbiWGogqBjR5N root@ubuntu-xenial
ssh-rsa AAAAB3NzaC1yc2EAAAADAQABAAABAQCf51opOZWxvfXuJoB2dlDMMv5qthfsdzS+pFh/0OralMBPn1Tdemb8SKtIrQ6Fe9lQur6G1zp2Dx3xznbh0ZU4vaIw4NOqRC9FkhZtDa41v8R8bJQiQ0L/FB4z5fycVchXNq+iNNSHmoKNLJdFbiBD7eevJw+ykhfilw/MWaMz83D9DmRVQZyS/V4RdPoEg5C/YwAwn8IudRxmTo3J+AomQOUN9HutlppWcOLQDnogZhAJcGRZDtqOiwgydrSovWveVbFk3LUWsx98HmEuIDFGYs5UTgX+nLQ7daYdif2bJxjY22NVGO68bqKHOXN2UUwdoirtVHtO1KLZo4dO9qHb root@ubuntu-xenial
-----END SSH HOST KEY KEYS-----
[   52.134550] cloud-init[1313]: Cloud-init v. 18.2 running 'modules:final' at Mon, 23 Apr 2018 02:42:26 +0000. Up 51.28 seconds.
[[0;32m  OK  [0m] Started Execute cloud user/final scripts.
[   52.251601] cloud-init[1313]: ci-info: no authorized ssh keys fingerprints found for user ubuntu.
[[   52.311681] cloud-init[1313]: Cloud-init v. 18.2 finished at Mon, 23 Apr 2018 02:42:27 +0000. Datasource DataSourceNoCloud [seed=/dev/sdb][dsmode=net].  Up 52.12 seconds
[0;32m  OK  [0m] Reached target Cloud-init target.

Ubuntu 16.04.4 LTS ubuntu-xenial ttyS0

ubuntu-xenial login: 